Archive member included to satisfy reference by file (symbol)

c:/program files/atollic/truestudio for arm 7.1.2/armtools/bin/../lib/gcc/arm-atollic-eabi/5.3.1/../../../../arm-atollic-eabi/lib/armv7-m\libc_nano.a(lib_a-init.o)
                              Example\TrueSTUDIO\startup_stm32f103xb.o (__libc_init_array)
c:/program files/atollic/truestudio for arm 7.1.2/armtools/bin/../lib/gcc/arm-atollic-eabi/5.3.1/../../../../arm-atollic-eabi/lib/armv7-m\libc_nano.a(lib_a-memset.o)
                              Drivers\BSP\STM32F1xx_Nucleo\stm32f1xx_nucleo.o (memset)
c:/program files/atollic/truestudio for arm 7.1.2/armtools/bin/../lib/gcc/arm-atollic-eabi/5.3.1/armv7-m\libgcc.a(_lshrdi3.o)
                              Drivers\STM32F1xx_HAL_Driver\stm32f1xx_hal_flash.o (__aeabi_llsr)
c:/program files/atollic/truestudio for arm 7.1.2/armtools/bin/../lib/gcc/arm-atollic-eabi/5.3.1/armv7-m\libgcc.a(_arm_addsubsf3.o)
                              Drivers\BSP\Adafruit_Shield\stm32_adafruit_lcd.o (__aeabi_i2f)
c:/program files/atollic/truestudio for arm 7.1.2/armtools/bin/../lib/gcc/arm-atollic-eabi/5.3.1/armv7-m\libgcc.a(_arm_muldivsf3.o)
                              Drivers\BSP\Adafruit_Shield\stm32_adafruit_lcd.o (__aeabi_fdiv)
c:/program files/atollic/truestudio for arm 7.1.2/armtools/bin/../lib/gcc/arm-atollic-eabi/5.3.1/armv7-m\libgcc.a(_arm_fixunssfsi.o)
                              Drivers\BSP\Adafruit_Shield\stm32_adafruit_lcd.o (__aeabi_f2uiz)

Allocating common symbols
Common symbol       size              file

UartHandle          0x40              Example\User\main.o
pFlash              0x20              Drivers\STM32F1xx_HAL_Driver\stm32f1xx_hal_flash.o
TimEncoderHandle    0x3c              Example\User\main.o
sConfigEncoder      0x24              Example\User\main.o
sConfigOC           0x1c              Example\User\main.o
DrawProp            0xc               Drivers\BSP\Adafruit_Shield\stm32_adafruit_lcd.o
aRxBuffer           0xa               Example\User\main.o
TimHandle           0x3c              Example\User\main.o

Discarded input sections

 .text          0x00000000        0x0 c:/program files/atollic/truestudio for arm 7.1.2/armtools/bin/../lib/gcc/arm-atollic-eabi/5.3.1/armv7-m/crti.o
 .data          0x00000000        0x0 c:/program files/atollic/truestudio for arm 7.1.2/armtools/bin/../lib/gcc/arm-atollic-eabi/5.3.1/armv7-m/crti.o
 .bss           0x00000000        0x0 c:/program files/atollic/truestudio for arm 7.1.2/armtools/bin/../lib/gcc/arm-atollic-eabi/5.3.1/armv7-m/crti.o
 .data          0x00000000        0x4 c:/program files/atollic/truestudio for arm 7.1.2/armtools/bin/../lib/gcc/arm-atollic-eabi/5.3.1/armv7-m/crtbegin.o
 .text          0x00000000        0x0 Drivers\BSP\Adafruit_Shield\stm32_adafruit_lcd.o
 .data          0x00000000        0x0 Drivers\BSP\Adafruit_Shield\stm32_adafruit_lcd.o
 .bss           0x00000000        0x0 Drivers\BSP\Adafruit_Shield\stm32_adafruit_lcd.o
 .text.BSP_LCD_GetXSize
                0x00000000       0x10 Drivers\BSP\Adafruit_Shield\stm32_adafruit_lcd.o
 .text.BSP_LCD_GetYSize
                0x00000000       0x10 Drivers\BSP\Adafruit_Shield\stm32_adafruit_lcd.o
 .text.BSP_LCD_GetTextColor
                0x00000000        0xc Drivers\BSP\Adafruit_Shield\stm32_adafruit_lcd.o
 .text.BSP_LCD_GetBackColor
                0x00000000        0xc Drivers\BSP\Adafruit_Shield\stm32_adafruit_lcd.o
 .text.BSP_LCD_SetTextColor
                0x00000000        0xc Drivers\BSP\Adafruit_Shield\stm32_adafruit_lcd.o
 .text.BSP_LCD_SetBackColor
                0x00000000        0xc Drivers\BSP\Adafruit_Shield\stm32_adafruit_lcd.o
 .text.BSP_LCD_SetFont
                0x00000000        0xc Drivers\BSP\Adafruit_Shield\stm32_adafruit_lcd.o
 .text.BSP_LCD_GetFont
                0x00000000        0xc Drivers\BSP\Adafruit_Shield\stm32_adafruit_lcd.o
 .text.BSP_LCD_DrawPixel
                0x00000000       0x10 Drivers\BSP\Adafruit_Shield\stm32_adafruit_lcd.o
 .text.BSP_LCD_DrawHLine
                0x00000000       0x4c Drivers\BSP\Adafruit_Shield\stm32_adafruit_lcd.o
 .text.BSP_LCD_Clear
                0x00000000       0x30 Drivers\BSP\Adafruit_Shield\stm32_adafruit_lcd.o
 .text.BSP_LCD_Init
                0x00000000       0x40 Drivers\BSP\Adafruit_Shield\stm32_adafruit_lcd.o
 .text.BSP_LCD_DrawVLine
                0x00000000       0x4c Drivers\BSP\Adafruit_Shield\stm32_adafruit_lcd.o
 .text.BSP_LCD_DrawLine
                0x00000000       0xc4 Drivers\BSP\Adafruit_Shield\stm32_adafruit_lcd.o
 .text.FillTriangle
                0x00000000       0xcc Drivers\BSP\Adafruit_Shield\stm32_adafruit_lcd.o
 .text.BSP_LCD_DrawRect
                0x00000000       0x34 Drivers\BSP\Adafruit_Shield\stm32_adafruit_lcd.o
 .text.BSP_LCD_DrawCircle
                0x00000000       0xe8 Drivers\BSP\Adafruit_Shield\stm32_adafruit_lcd.o
 .text.BSP_LCD_DrawPolygon
                0x00000000       0x40 Drivers\BSP\Adafruit_Shield\stm32_adafruit_lcd.o
 .text.BSP_LCD_DrawEllipse
[...]
Memory Configuration

Name             Origin             Length             Attributes
FLASH            0x08000000         0x00020000         xr
RAM              0x20000000         0x00005000         xrw
MEMORY_B1        0x60000000         0x00000000         xr
*default*        0x00000000         0xffffffff

Linker script and memory map

LOAD c:/program files/atollic/truestudio for arm 7.1.2/armtools/bin/../lib/gcc/arm-atollic-eabi/5.3.1/armv7-m/crti.o
LOAD c:/program files/atollic/truestudio for arm 7.1.2/armtools/bin/../lib/gcc/arm-atollic-eabi/5.3.1/armv7-m/crtbegin.o
LOAD Drivers\BSP\Adafruit_Shield\stm32_adafruit_lcd.o
LOAD Drivers\BSP\Components\st7735.o
LOAD Drivers\BSP\STM32F1xx_Nucleo\stm32f1xx_nucleo.o
LOAD Drivers\CMSIS\system_stm32f1xx.o
LOAD Drivers\STM32F1xx_HAL_Driver\stm32f1xx_hal.o
LOAD Drivers\STM32F1xx_HAL_Driver\stm32f1xx_hal_adc.o
LOAD Drivers\STM32F1xx_HAL_Driver\stm32f1xx_hal_adc_ex.o
LOAD Drivers\STM32F1xx_HAL_Driver\stm32f1xx_hal_can.o
LOAD Drivers\STM32F1xx_HAL_Driver\stm32f1xx_hal_cec.o
LOAD Drivers\STM32F1xx_HAL_Driver\stm32f1xx_hal_cortex.o
LOAD Drivers\STM32F1xx_HAL_Driver\stm32f1xx_hal_crc.o
LOAD Drivers\STM32F1xx_HAL_Driver\stm32f1xx_hal_dac.o
LOAD Drivers\STM32F1xx_HAL_Driver\stm32f1xx_hal_dac_ex.o
LOAD Drivers\STM32F1xx_HAL_Driver\stm32f1xx_hal_dma.o
LOAD Drivers\STM32F1xx_HAL_Driver\stm32f1xx_hal_eth.o
LOAD Drivers\STM32F1xx_HAL_Driver\stm32f1xx_hal_flash.o
LOAD Drivers\STM32F1xx_HAL_Driver\stm32f1xx_hal_flash_ex.o
LOAD Drivers\STM32F1xx_HAL_Driver\stm32f1xx_hal_gpio.o
LOAD Drivers\STM32F1xx_HAL_Driver\stm32f1xx_hal_gpio_ex.o
LOAD Drivers\STM32F1xx_HAL_Driver\stm32f1xx_hal_hcd.o
LOAD Drivers\STM32F1xx_HAL_Driver\stm32f1xx_hal_i2c.o
LOAD Drivers\STM32F1xx_HAL_Driver\stm32f1xx_hal_i2s.o
LOAD Drivers\STM32F1xx_HAL_Driver\stm32f1xx_hal_irda.o
LOAD Drivers\STM32F1xx_HAL_Driver\stm32f1xx_hal_iwdg.o
LOAD Drivers\STM32F1xx_HAL_Driver\stm32f1xx_hal_nand.o
LOAD Drivers\STM32F1xx_HAL_Driver\stm32f1xx_hal_nor.o
LOAD Drivers\STM32F1xx_HAL_Driver\stm32f1xx_hal_pccard.o
LOAD Drivers\STM32F1xx_HAL_Driver\stm32f1xx_hal_pcd.o
LOAD Drivers\STM32F1xx_HAL_Driver\stm32f1xx_hal_pcd_ex.o
LOAD Drivers\STM32F1xx_HAL_Driver\stm32f1xx_hal_pwr.o
LOAD Drivers\STM32F1xx_HAL_Driver\stm32f1xx_hal_rcc.o
LOAD Drivers\STM32F1xx_HAL_Driver\stm32f1xx_hal_rcc_ex.o
LOAD Drivers\STM32F1xx_HAL_Driver\stm32f1xx_hal_rtc.o
LOAD Drivers\STM32F1xx_HAL_Driver\stm32f1xx_hal_rtc_ex.o
LOAD Drivers\STM32F1xx_HAL_Driver\stm32f1xx_hal_sd.o
LOAD Drivers\STM32F1xx_HAL_Driver\stm32f1xx_hal_smartcard.o
LOAD Drivers\STM32F1xx_HAL_Driver\stm32f1xx_hal_spi.o
LOAD Drivers\STM32F1xx_HAL_Driver\stm32f1xx_hal_spi_ex.o
LOAD Drivers\STM32F1xx_HAL_Driver\stm32f1xx_hal_sram.o
LOAD Drivers\STM32F1xx_HAL_Driver\stm32f1xx_hal_tim.o
LOAD Drivers\STM32F1xx_HAL_Driver\stm32f1xx_hal_tim_ex.o
LOAD Drivers\STM32F1xx_HAL_Driver\stm32f1xx_hal_uart.o
LOAD Drivers\STM32F1xx_HAL_Driver\stm32f1xx_hal_usart.o
LOAD Drivers\STM32F1xx_HAL_Driver\stm32f1xx_hal_wwdg.o
LOAD Drivers\STM32F1xx_HAL_Driver\stm32f1xx_ll_fsmc.o
LOAD Drivers\STM32F1xx_HAL_Driver\stm32f1xx_ll_sdmmc.o
LOAD Drivers\STM32F1xx_HAL_Driver\stm32f1xx_ll_usb.o
LOAD Example\TrueSTUDIO\startup_stm32f103xb.o
LOAD Example\User\main.o
LOAD Example\User\stm32f1xx_hal_msp.o
LOAD Example\User\stm32f1xx_it.o
START GROUP
LOAD c:/program files/atollic/truestudio for arm 7.1.2/armtools/bin/../lib/gcc/arm-atollic-eabi/5.3.1/../../../../arm-atollic-eabi/lib/armv7-m\libc_nano.a
LOAD c:/program files/atollic/truestudio for arm 7.1.2/armtools/bin/../lib/gcc/arm-atollic-eabi/5.3.1/../../../../arm-atollic-eabi/lib/armv7-m\libm.a
END GROUP
                0x00000080                malloc_getpagesize_P = 0x80
START GROUP
LOAD c:/program files/atollic/truestudio for arm 7.1.2/armtools/bin/../lib/gcc/arm-atollic-eabi/5.3.1/armv7-m\libgcc.a
LOAD c:/program files/atollic/truestudio for arm 7.1.2/armtools/bin/../lib/gcc/arm-atollic-eabi/5.3.1/../../../../arm-atollic-eabi/lib/armv7-m\libc_nano.a
END GROUP
START GROUP
LOAD c:/program files/atollic/truestudio for arm 7.1.2/armtools/bin/../lib/gcc/arm-atollic-eabi/5.3.1/armv7-m\libgcc.a
LOAD c:/program files/atollic/truestudio for arm 7.1.2/armtools/bin/../lib/gcc/arm-atollic-eabi/5.3.1/../../../../arm-atollic-eabi/lib/armv7-m\libc_nano.a
LOAD c:/program files/atollic/truestudio for arm 7.1.2/armtools/bin/../lib/gcc/arm-atollic-eabi/5.3.1/../../../../arm-atollic-eabi/lib/armv7-m\libnosys.a
END GROUP
START GROUP
LOAD c:/program files/atollic/truestudio for arm 7.1.2/armtools/bin/../lib/gcc/arm-atollic-eabi/5.3.1/armv7-m\libgcc.a
LOAD c:/program files/atollic/truestudio for arm 7.1.2/armtools/bin/../lib/gcc/arm-atollic-eabi/5.3.1/../../../../arm-atollic-eabi/lib/armv7-m\libc_nano.a
LOAD c:/program files/atollic/truestudio for arm 7.1.2/armtools/bin/../lib/gcc/arm-atollic-eabi/5.3.1/../../../../arm-atollic-eabi/lib/armv7-m\libnosys.a
END GROUP
LOAD c:/program files/atollic/truestudio for arm 7.1.2/armtools/bin/../lib/gcc/arm-atollic-eabi/5.3.1/armv7-m/crtend.o
LOAD c:/program files/atollic/truestudio for arm 7.1.2/armtools/bin/../lib/gcc/arm-atollic-eabi/5.3.1/armv7-m/crtn.o
                0x20005000                _estack = 0x20005000
                0x00000000                _Min_Heap_Size = 0x0
                0x00000100                _Min_Stack_Size = 0x100

.isr_vector     0x08000000      0x10c
                0x08000000                . = ALIGN (0x4)
 *(.isr_vector)
 .isr_vector    0x08000000      0x10c Example\TrueSTUDIO\startup_stm32f103xb.o
                0x08000000                g_pfnVectors
                0x0800010c                . = ALIGN (0x4)

.text           0x0800010c     0x1b14
                0x0800010c                . = ALIGN (0x4)
 *(.text)
 .text          0x0800010c       0x40 c:/program files/atollic/truestudio for arm 7.1.2/armtools/bin/../lib/gcc/arm-atollic-eabi/5.3.1/armv7-m/crtbegin.o
 *(.text*)
 .text.BSP_LED_Init
                0x0800014c       0x50 Drivers\BSP\STM32F1xx_Nucleo\stm32f1xx_nucleo.o
                0x0800014c                BSP_LED_Init
 .text.BSP_LED_Toggle
                0x0800019c       0x10 Drivers\BSP\STM32F1xx_Nucleo\stm32f1xx_nucleo.o
                0x0800019c                BSP_LED_Toggle
 .text.SystemInit
                0x080001ac       0x4c Drivers\CMSIS\system_stm32f1xx.o
                0x080001ac                SystemInit
 .text.HAL_InitTick
                0x080001f8       0x24 Drivers\STM32F1xx_HAL_Driver\stm32f1xx_hal.o
                0x080001f8                HAL_InitTick
 .text.HAL_Init
                0x0800021c       0x24 Drivers\STM32F1xx_HAL_Driver\stm32f1xx_hal.o
                0x0800021c                HAL_Init
 .text.HAL_IncTick
                0x08000240       0x10 Drivers\STM32F1xx_HAL_Driver\stm32f1xx_hal.o
                0x08000240                HAL_IncTick
 .text.HAL_GetTick
                0x08000250        0xc Drivers\STM32F1xx_HAL_Driver\stm32f1xx_hal.o
                0x08000250                HAL_GetTick
 .text.HAL_Delay
                0x0800025c       0x1a Drivers\STM32F1xx_HAL_Driver\stm32f1xx_hal.o
                0x0800025c                HAL_Delay
 *fill*         0x08000276        0x2 
 .text.HAL_NVIC_SetPriorityGrouping
                0x08000278       0x24 Drivers\STM32F1xx_HAL_Driver\stm32f1xx_hal_cortex.o
                0x08000278                HAL_NVIC_SetPriorityGrouping
 .text.HAL_NVIC_SetPriority
                0x0800029c       0x68 Drivers\STM32F1xx_HAL_Driver\stm32f1xx_hal_cortex.o
                0x0800029c                HAL_NVIC_SetPriority
 .text.HAL_NVIC_EnableIRQ
                0x08000304       0x18 Drivers\STM32F1xx_HAL_Driver\stm32f1xx_hal_cortex.o
                0x08000304                HAL_NVIC_EnableIRQ
 .text.HAL_SYSTICK_Config
                0x0800031c       0x2c Drivers\STM32F1xx_HAL_Driver\stm32f1xx_hal_cortex.o
                0x0800031c                HAL_SYSTICK_Config
 .text.HAL_DMA_Init
                0x08000348       0x4a Drivers\STM32F1xx_HAL_Driver\stm32f1xx_hal_dma.o
                0x08000348                HAL_DMA_Init
 .text.HAL_DMA_Start_IT
                0x08000392       0x5a Drivers\STM32F1xx_HAL_Driver\stm32f1xx_hal_dma.o
                0x08000392                HAL_DMA_Start_IT
 .text.HAL_DMA_IRQHandler
                0x080003ec      0x254 Drivers\STM32F1xx_HAL_Driver\stm32f1xx_hal_dma.o
                0x080003ec                HAL_DMA_IRQHandler
 .text.HAL_GPIO_Init
                0x08000640      0x1b0 Drivers\STM32F1xx_HAL_Driver\stm32f1xx_hal_gpio.o
                0x08000640                HAL_GPIO_Init
 .text.HAL_GPIO_WritePin
                0x080007f0        0x8 Drivers\STM32F1xx_HAL_Driver\stm32f1xx_hal_gpio.o
                0x080007f0                HAL_GPIO_WritePin
 .text.HAL_GPIO_TogglePin
                0x080007f8        0x8 Drivers\STM32F1xx_HAL_Driver\stm32f1xx_hal_gpio.o
                0x080007f8                HAL_GPIO_TogglePin
 .text.HAL_RCC_OscConfig
                0x08000800      0x4c0 Drivers\STM32F1xx_HAL_Driver\stm32f1xx_hal_rcc.o
                0x08000800                HAL_RCC_OscConfig
 .text.HAL_RCC_GetSysClockFreq
                0x08000cc0       0x90 Drivers\STM32F1xx_HAL_Driver\stm32f1xx_hal_rcc.o
                0x08000cc0                HAL_RCC_GetSysClockFreq
 .text.HAL_RCC_ClockConfig
                0x08000d50      0x164 Drivers\STM32F1xx_HAL_Driver\stm32f1xx_hal_rcc.o
                0x08000d50                HAL_RCC_ClockConfig
 .text.HAL_RCC_GetHCLKFreq
                0x08000eb4        0xc Drivers\STM32F1xx_HAL_Driver\stm32f1xx_hal_rcc.o
                0x08000eb4                HAL_RCC_GetHCLKFreq
 .text.HAL_RCC_GetPCLK1Freq
                0x08000ec0       0x30 Drivers\STM32F1xx_HAL_Driver\stm32f1xx_hal_rcc.o
                0x08000ec0                HAL_RCC_GetPCLK1Freq
 .text.HAL_RCC_GetPCLK2Freq
                0x08000ef0       0x30 Drivers\STM32F1xx_HAL_Driver\stm32f1xx_hal_rcc.o
                0x08000ef0                HAL_RCC_GetPCLK2Freq
 .text.TIM_OC1_SetConfig
                0x08000f20       0x50 Drivers\STM32F1xx_HAL_Driver\stm32f1xx_hal_tim.o
 .text.TIM_OC3_SetConfig
                0x08000f70       0x58 Drivers\STM32F1xx_HAL_Driver\stm32f1xx_hal_tim.o
 .text.TIM_OC4_SetConfig
                0x08000fc8       0x44 Drivers\STM32F1xx_HAL_Driver\stm32f1xx_hal_tim.o
 .text.HAL_TIM_Encoder_MspInit
                0x0800100c        0x2 Drivers\STM32F1xx_HAL_Driver\stm32f1xx_hal_tim.o
                0x0800100c                HAL_TIM_Encoder_MspInit
 .text.HAL_TIM_PeriodElapsedCallback
                0x0800100e        0x2 Drivers\STM32F1xx_HAL_Driver\stm32f1xx_hal_tim.o
                0x0800100e                HAL_TIM_PeriodElapsedCallback
 .text.HAL_TIM_OC_DelayElapsedCallback
                0x08001010        0x2 Drivers\STM32F1xx_HAL_Driver\stm32f1xx_hal_tim.o
                0x08001010                HAL_TIM_OC_DelayElapsedCallback
 .text.HAL_TIM_IC_CaptureCallback
                0x08001012        0x2 Drivers\STM32F1xx_HAL_Driver\stm32f1xx_hal_tim.o
                0x08001012                HAL_TIM_IC_CaptureCallback
 .text.HAL_TIM_PWM_PulseFinishedCallback
                0x08001014        0x2 Drivers\STM32F1xx_HAL_Driver\stm32f1xx_hal_tim.o
                0x08001014                HAL_TIM_PWM_PulseFinishedCallback
 .text.HAL_TIM_TriggerCallback
                0x08001016        0x2 Drivers\STM32F1xx_HAL_Driver\stm32f1xx_hal_tim.o
                0x08001016                HAL_TIM_TriggerCallback
 .text.HAL_TIM_IRQHandler
                0x08001018      0x144 Drivers\STM32F1xx_HAL_Driver\stm32f1xx_hal_tim.o
                0x08001018                HAL_TIM_IRQHandler
 .text.TIM_Base_SetConfig
                0x0800115c       0x68 Drivers\STM32F1xx_HAL_Driver\stm32f1xx_hal_tim.o
                0x0800115c                TIM_Base_SetConfig
 .text.HAL_TIM_PWM_Init
                0x080011c4       0x34 Drivers\STM32F1xx_HAL_Driver\stm32f1xx_hal_tim.o
                0x080011c4                HAL_TIM_PWM_Init
 .text.HAL_TIM_Encoder_Init
                0x080011f8       0x92 Drivers\STM32F1xx_HAL_Driver\stm32f1xx_hal_tim.o
                0x080011f8                HAL_TIM_Encoder_Init
 *fill*         0x0800128a        0x2 
 .text.TIM_OC2_SetConfig
                0x0800128c       0x58 Drivers\STM32F1xx_HAL_Driver\stm32f1xx_hal_tim.o
                0x0800128c                TIM_OC2_SetConfig
 .text.HAL_TIM_PWM_ConfigChannel
                0x080012e4       0xc6 Drivers\STM32F1xx_HAL_Driver\stm32f1xx_hal_tim.o
                0x080012e4                HAL_TIM_PWM_ConfigChannel
 .text.TIM_CCxChannelCmd
                0x080013aa       0x1a Drivers\STM32F1xx_HAL_Driver\stm32f1xx_hal_tim.o
                0x080013aa                TIM_CCxChannelCmd
 .text.HAL_TIM_PWM_Start
                0x080013c4       0x2c Drivers\STM32F1xx_HAL_Driver\stm32f1xx_hal_tim.o
                0x080013c4                HAL_TIM_PWM_Start
 .text.HAL_TIMEx_CommutationCallback
                0x080013f0        0x2 Drivers\STM32F1xx_HAL_Driver\stm32f1xx_hal_tim_ex.o
                0x080013f0                HAL_TIMEx_CommutationCallback
 .text.HAL_TIMEx_BreakCallback
                0x080013f2        0x2 Drivers\STM32F1xx_HAL_Driver\stm32f1xx_hal_tim_ex.o
                0x080013f2                HAL_TIMEx_BreakCallback
 .text.UART_SetConfig
                0x080013f4      0x134 Drivers\STM32F1xx_HAL_Driver\stm32f1xx_hal_uart.o
 .text.HAL_UART_Init
                0x08001528       0x58 Drivers\STM32F1xx_HAL_Driver\stm32f1xx_hal_uart.o
                0x08001528                HAL_UART_Init
 .text.HAL_UART_Transmit_DMA
                0x08001580       0x84 Drivers\STM32F1xx_HAL_Driver\stm32f1xx_hal_uart.o
                0x08001580                HAL_UART_Transmit_DMA
 .text.HAL_UART_TxCpltCallback
                0x08001604        0x2 Drivers\STM32F1xx_HAL_Driver\stm32f1xx_hal_uart.o
                0x08001604                HAL_UART_TxCpltCallback
 .text.UART_DMATransmitCplt
                0x08001606       0x2c Drivers\STM32F1xx_HAL_Driver\stm32f1xx_hal_uart.o
 .text.HAL_UART_TxHalfCpltCallback
                0x08001632        0x2 Drivers\STM32F1xx_HAL_Driver\stm32f1xx_hal_uart.o
                0x08001632                HAL_UART_TxHalfCpltCallback
 .text.UART_DMATxHalfCplt
                0x08001634        0xa Drivers\STM32F1xx_HAL_Driver\stm32f1xx_hal_uart.o
 .text.HAL_UART_RxCpltCallback
                0x0800163e        0x2 Drivers\STM32F1xx_HAL_Driver\stm32f1xx_hal_uart.o
                0x0800163e                HAL_UART_RxCpltCallback
 .text.HAL_UART_ErrorCallback
                0x08001640        0x2 Drivers\STM32F1xx_HAL_Driver\stm32f1xx_hal_uart.o
                0x08001640                HAL_UART_ErrorCallback
 .text.UART_DMAError
                0x08001642       0x1e Drivers\STM32F1xx_HAL_Driver\stm32f1xx_hal_uart.o
 .text.HAL_UART_IRQHandler
                0x08001660      0x184 Drivers\STM32F1xx_HAL_Driver\stm32f1xx_hal_uart.o
                0x08001660                HAL_UART_IRQHandler
 .text.Reset_Handler
                0x080017e4       0x48 Example\TrueSTUDIO\startup_stm32f103xb.o
                0x080017e4                Reset_Handler
 .text.Default_Handler
                0x0800182c        0x2 Example\TrueSTUDIO\startup_stm32f103xb.o
                0x0800182c                RTC_Alarm_IRQHandler
                0x0800182c                EXTI2_IRQHandler
                0x0800182c                TIM1_CC_IRQHandler
                0x0800182c                PVD_IRQHandler
                0x0800182c                EXTI3_IRQHandler
                0x0800182c                EXTI0_IRQHandler
                0x0800182c                I2C2_EV_IRQHandler
                0x0800182c                ADC1_2_IRQHandler
                0x0800182c                SPI1_IRQHandler
                0x0800182c                TAMPER_IRQHandler
                0x0800182c                USART3_IRQHandler
                0x0800182c                RTC_IRQHandler
                0x0800182c                DMA1_Channel7_IRQHandler
                0x0800182c                CAN1_RX1_IRQHandler
                0x0800182c                TIM4_IRQHandler
                0x0800182c                I2C1_EV_IRQHandler
                0x0800182c                DMA1_Channel6_IRQHandler
                0x0800182c                RCC_IRQHandler
                0x0800182c                TIM1_TRG_COM_IRQHandler
                0x0800182c                DMA1_Channel1_IRQHandler
                0x0800182c                Default_Handler
                0x0800182c                EXTI15_10_IRQHandler
                0x0800182c                EXTI9_5_IRQHandler
                0x0800182c                SPI2_IRQHandler
                0x0800182c                EXTI4_IRQHandler
                0x0800182c                USB_LP_CAN1_RX0_IRQHandler
                0x0800182c                USB_HP_CAN1_TX_IRQHandler
                0x0800182c                DMA1_Channel3_IRQHandler
                0x0800182c                TIM1_UP_IRQHandler
                0x0800182c                WWDG_IRQHandler
                0x0800182c                TIM2_IRQHandler
                0x0800182c                TIM1_BRK_IRQHandler
                0x0800182c                EXTI1_IRQHandler
                0x0800182c                USART2_IRQHandler
                0x0800182c                I2C2_ER_IRQHandler
                0x0800182c                DMA1_Channel2_IRQHandler
                0x0800182c                CAN1_SCE_IRQHandler
                0x0800182c                FLASH_IRQHandler
                0x0800182c                I2C1_ER_IRQHandler
                0x0800182c                USBWakeUp_IRQHandler
 .text.Error_Handler
                0x0800182e        0xa Example\User\main.o
 .text.SystemClock_Config
                0x08001838       0x56 Example\User\main.o
                0x08001838                SystemClock_Config
 *fill*         0x0800188e        0x2 
 .text.startup.main
                0x08001890      0x16c Example\User\main.o
                0x08001890                main
 .text.HAL_MspInit
                0x080019fc        0x2 Example\User\stm32f1xx_hal_msp.o
                0x080019fc                HAL_MspInit
 *fill*         0x080019fe        0x2 
 .text.HAL_TIM_PWM_MspInit
                0x08001a00       0x50 Example\User\stm32f1xx_hal_msp.o
                0x08001a00                HAL_TIM_PWM_MspInit
 .text.HAL_UART_MspInit
                0x08001a50      0x118 Example\User\stm32f1xx_hal_msp.o
                0x08001a50                HAL_UART_MspInit
 .text.NMI_Handler
                0x08001b68        0x2 Example\User\stm32f1xx_it.o
                0x08001b68                NMI_Handler
 .text.HardFault_Handler
                0x08001b6a        0x2 Example\User\stm32f1xx_it.o
                0x08001b6a                HardFault_Handler
 .text.MemManage_Handler
                0x08001b6c        0x2 Example\User\stm32f1xx_it.o
                0x08001b6c                MemManage_Handler
 .text.BusFault_Handler
                0x08001b6e        0x2 Example\User\stm32f1xx_it.o
                0x08001b6e                BusFault_Handler
 .text.UsageFault_Handler
                0x08001b70        0x2 Example\User\stm32f1xx_it.o
                0x08001b70                UsageFault_Handler
 .text.SVC_Handler
                0x08001b72        0x2 Example\User\stm32f1xx_it.o
                0x08001b72                SVC_Handler
 .text.DebugMon_Handler
                0x08001b74        0x2 Example\User\stm32f1xx_it.o
                0x08001b74                DebugMon_Handler
 .text.PendSV_Handler
                0x08001b76        0x2 Example\User\stm32f1xx_it.o
                0x08001b76                PendSV_Handler
 .text.SysTick_Handler
                0x08001b78        0x4 Example\User\stm32f1xx_it.o
                0x08001b78                SysTick_Handler
 .text.TIM3_IRQHandler
                0x08001b7c        0xc Example\User\stm32f1xx_it.o
                0x08001b7c                TIM3_IRQHandler
 .text.DMA1_Channel5_IRQHandler
                0x08001b88        0xc Example\User\stm32f1xx_it.o
                0x08001b88                DMA1_Channel5_IRQHandler
 .text.DMA1_Channel4_IRQHandler
                0x08001b94        0xc Example\User\stm32f1xx_it.o
                0x08001b94                DMA1_Channel4_IRQHandler
 .text.USART1_IRQHandler
                0x08001ba0        0xc Example\User\stm32f1xx_it.o
                0x08001ba0                USART1_IRQHandler
 .text.__libc_init_array
                0x08001bac       0x4c c:/program files/atollic/truestudio for arm 7.1.2/armtools/bin/../lib/gcc/arm-atollic-eabi/5.3.1/../../../../arm-atollic-eabi/lib/armv7-m\libc_nano.a(lib_a-init.o)
                0x08001bac                __libc_init_array
 .text.memset   0x08001bf8       0x10 c:/program files/atollic/truestudio for arm 7.1.2/armtools/bin/../lib/gcc/arm-atollic-eabi/5.3.1/../../../../arm-atollic-eabi/lib/armv7-m\libc_nano.a(lib_a-memset.o)
                0x08001bf8                memset
 *(.glue_7)
 .glue_7        0x08001c08        0x0 linker stubs
 *(.glue_7t)
 .glue_7t       0x08001c08        0x0 linker stubs
 *(.eh_frame)
 .eh_frame      0x08001c08        0x0 c:/program files/atollic/truestudio for arm 7.1.2/armtools/bin/../lib/gcc/arm-atollic-eabi/5.3.1/armv7-m/crtbegin.o
 *(.init)
 .init          0x08001c08        0x4 c:/program files/atollic/truestudio for arm 7.1.2/armtools/bin/../lib/gcc/arm-atollic-eabi/5.3.1/armv7-m/crti.o
                0x08001c08                _init
 .init          0x08001c0c        0x8 c:/program files/atollic/truestudio for arm 7.1.2/armtools/bin/../lib/gcc/arm-atollic-eabi/5.3.1/armv7-m/crtn.o
 *(.fini)
 .fini          0x08001c14        0x4 c:/program files/atollic/truestudio for arm 7.1.2/armtools/bin/../lib/gcc/arm-atollic-eabi/5.3.1/armv7-m/crti.o
                0x08001c14                _fini
 .fini          0x08001c18        0x8 c:/program files/atollic/truestudio for arm 7.1.2/armtools/bin/../lib/gcc/arm-atollic-eabi/5.3.1/armv7-m/crtn.o
                0x08001c20                . = ALIGN (0x4)
                0x08001c20                _etext = .

.vfp11_veneer   0x08001c20        0x0
 .vfp11_veneer  0x08001c20        0x0 linker stubs

.v4_bx          0x08001c20        0x0
 .v4_bx         0x08001c20        0x0 linker stubs

.iplt           0x08001c20        0x0
 .iplt          0x08001c20        0x0 c:/program files/atollic/truestudio for arm 7.1.2/armtools/bin/../lib/gcc/arm-atollic-eabi/5.3.1/armv7-m/crtbegin.o

.rodata         0x08001c20       0x2c
                0x08001c20                . = ALIGN (0x4)
 *(.rodata)
 .rodata        0x08001c20       0x12 Drivers\STM32F1xx_HAL_Driver\stm32f1xx_hal_rcc.o
 *(.rodata*)
 .rodata.AHBPrescTable
                0x08001c32       0x10 Drivers\CMSIS\system_stm32f1xx.o
                0x08001c32                AHBPrescTable
 .rodata.APBPrescTable
                0x08001c42        0x8 Drivers\CMSIS\system_stm32f1xx.o
                0x08001c42                APBPrescTable
                0x08001c4c                . = ALIGN (0x4)
 *fill*         0x08001c4a        0x2 

.rel.dyn        0x08001c4c        0x0
 .rel.iplt      0x08001c4c        0x0 c:/program files/atollic/truestudio for arm 7.1.2/armtools/bin/../lib/gcc/arm-atollic-eabi/5.3.1/armv7-m/crtbegin.o

.ARM.extab
 *(.ARM.extab* .gnu.linkonce.armextab.*)

.ARM            0x08001c4c        0x0
                0x08001c4c                __exidx_start = .
 *(.ARM.exidx*)
                0x08001c4c                __exidx_end = .

.preinit_array  0x08001c4c        0x0
                0x08001c4c                PROVIDE (__preinit_array_start, .)
 *(.preinit_array*)
                0x08001c4c                PROVIDE (__preinit_array_end, .)

.init_array     0x08001c4c        0x4
                0x08001c4c                PROVIDE (__init_array_start, .)
 *(SORT(.init_array.*))
 *(.init_array*)
 .init_array    0x08001c4c        0x4 c:/program files/atollic/truestudio for arm 7.1.2/armtools/bin/../lib/gcc/arm-atollic-eabi/5.3.1/armv7-m/crtbegin.o
                0x08001c50                PROVIDE (__init_array_end, .)

.fini_array     0x08001c50        0x4
                [!provide]                PROVIDE (__fini_array_start, .)
 *(SORT(.fini_array.*))
 *(.fini_array*)
 .fini_array    0x08001c50        0x4 c:/program files/atollic/truestudio for arm 7.1.2/armtools/bin/../lib/gcc/arm-atollic-eabi/5.3.1/armv7-m/crtbegin.o
                [!provide]                PROVIDE (__fini_array_end, .)
                0x08001c54                _sidata = LOADADDR (.data)

.data           0x20000000       0x6c load address 0x08001c54
                0x20000000                . = ALIGN (0x4)
                0x20000000                _sdata = .
 *(.data)
 *(.data*)
 .data.LED_PORT
                0x20000000        0x4 Drivers\BSP\STM32F1xx_Nucleo\stm32f1xx_nucleo.o
                0x20000000                LED_PORT
 .data.SystemCoreClock
                0x20000004        0x4 Drivers\CMSIS\system_stm32f1xx.o
                0x20000004                SystemCoreClock
 .data.aTxBuffer
                0x20000008       0x62 Example\User\main.o
                0x20000008                aTxBuffer
                0x2000006c                . = ALIGN (0x4)
 *fill*         0x2000006a        0x2 
                0x2000006c                _edata = .

.igot.plt       0x2000006c        0x0 load address 0x08001cc0
 .igot.plt      0x2000006c        0x0 c:/program files/atollic/truestudio for arm 7.1.2/armtools/bin/../lib/gcc/arm-atollic-eabi/5.3.1/armv7-m/crtbegin.o
                0x2000006c                . = ALIGN (0x4)

.bss            0x2000006c      0x1a8 load address 0x08001cc0
                0x2000006c                _sbss = .
                0x2000006c                __bss_start__ = _sbss
 *(.bss)
 .bss           0x2000006c       0x1c c:/program files/atollic/truestudio for arm 7.1.2/armtools/bin/../lib/gcc/arm-atollic-eabi/5.3.1/armv7-m/crtbegin.o
 *(.bss*)
 .bss.uwTick    0x20000088        0x4 Drivers\STM32F1xx_HAL_Driver\stm32f1xx_hal.o
 .bss.uwPrescalerValue
                0x2000008c        0x4 Example\User\main.o
                0x2000008c                uwPrescalerValue
 .bss.GPIO_InitStruct
                0x20000090       0x10 Example\User\main.o
 .bss.hdma_rx.8223
                0x200000a0       0x38 Example\User\stm32f1xx_hal_msp.o
 .bss.hdma_tx.8222
                0x200000d8       0x38 Example\User\stm32f1xx_hal_msp.o
 *(COMMON)
 COMMON         0x20000110      0x104 Example\User\main.o
                0x20000110                UartHandle
                0x20000150                TimEncoderHandle
                0x2000018c                sConfigEncoder
                0x200001b0                sConfigOC
                0x200001cc                aRxBuffer
                0x200001d8                TimHandle
                0x20000214                . = ALIGN (0x4)
                0x20000214                _ebss = .
                0x20000214                __bss_end__ = _ebss

._user_heap_stack
                0x20000214      0x100 load address 0x08001cc0
                0x20000214                . = ALIGN (0x4)
                [!provide]                PROVIDE (end, .)
                [!provide]                PROVIDE (_end, .)
                0x20000214                . = (. + _Min_Heap_Size)
                0x20000314                . = (. + _Min_Stack_Size)
 *fill*         0x20000214      0x100 
                0x20000314                . = ALIGN (0x4)

.memory_b1_text
 *(.mb1text)
 *(.mb1text*)
 *(.mb1rodata)
 *(.mb1rodata*)

/DISCARD/
 libc.a(*)
 libm.a(*)
 libgcc.a(*)

.ARM.attributes
                0x00000000       0x29
 *(.ARM.attributes)
 .ARM.attributes
                0x00000000       0x1d c:/program files/atollic/truestudio for arm 7.1.2/armtools/bin/../lib/gcc/arm-atollic-eabi/5.3.1/armv7-m/crti.o
 .ARM.attributes
                0x0000001d       0x2d c:/program files/atollic/truestudio for arm 7.1.2/armtools/bin/../lib/gcc/arm-atollic-eabi/5.3.1/armv7-m/crtbegin.o
 .ARM.attributes
                0x0000004a       0x33 Drivers\BSP\STM32F1xx_Nucleo\stm32f1xx_nucleo.o
 .ARM.attributes
                0x0000007d       0x33 Drivers\CMSIS\system_stm32f1xx.o
 .ARM.attributes
                0x000000b0       0x33 Drivers\STM32F1xx_HAL_Driver\stm32f1xx_hal.o
 .ARM.attributes
                0x000000e3       0x33 Drivers\STM32F1xx_HAL_Driver\stm32f1xx_hal_cortex.o
 .ARM.attributes
                0x00000116       0x33 Drivers\STM32F1xx_HAL_Driver\stm32f1xx_hal_dma.o
 .ARM.attributes
                0x00000149       0x33 Drivers\STM32F1xx_HAL_Driver\stm32f1xx_hal_gpio.o
 .ARM.attributes
                0x0000017c       0x33 Drivers\STM32F1xx_HAL_Driver\stm32f1xx_hal_rcc.o
 .ARM.attributes
                0x000001af       0x33 Drivers\STM32F1xx_HAL_Driver\stm32f1xx_hal_tim.o
 .ARM.attributes
                0x000001e2       0x33 Drivers\STM32F1xx_HAL_Driver\stm32f1xx_hal_tim_ex.o
 .ARM.attributes
                0x00000215       0x33 Drivers\STM32F1xx_HAL_Driver\stm32f1xx_hal_uart.o
 .ARM.attributes
                0x00000248       0x21 Example\TrueSTUDIO\startup_stm32f103xb.o
 .ARM.attributes
                0x00000269       0x33 Example\User\main.o
 .ARM.attributes
                0x0000029c       0x33 Example\User\stm32f1xx_hal_msp.o
 .ARM.attributes
                0x000002cf       0x33 Example\User\stm32f1xx_it.o
 .ARM.attributes
                0x00000302       0x2d c:/program files/atollic/truestudio for arm 7.1.2/armtools/bin/../lib/gcc/arm-atollic-eabi/5.3.1/../../../../arm-atollic-eabi/lib/armv7-m\libc_nano.a(lib_a-init.o)
 .ARM.attributes
                0x0000032f       0x2d c:/program files/atollic/truestudio for arm 7.1.2/armtools/bin/../lib/gcc/arm-atollic-eabi/5.3.1/../../../../arm-atollic-eabi/lib/armv7-m\libc_nano.a(lib_a-memset.o)
 .ARM.attributes
                0x0000035c       0x1d c:/program files/atollic/truestudio for arm 7.1.2/armtools/bin/../lib/gcc/arm-atollic-eabi/5.3.1/armv7-m/crtn.o
OUTPUT(STM32F103RB_Nucleo.elf elf32-littlearm)

.debug_info     0x00000000     0xc0dd
 .debug_info    0x00000000     0x1a7f Drivers\BSP\STM32F1xx_Nucleo\stm32f1xx_nucleo.o
 .debug_info    0x00001a7f      0x3e7 Drivers\CMSIS\system_stm32f1xx.o
 .debug_info    0x00001e66      0x686 Drivers\STM32F1xx_HAL_Driver\stm32f1xx_hal.o
 .debug_info    0x000024ec      0xc21 Drivers\STM32F1xx_HAL_Driver\stm32f1xx_hal_cortex.o
 .debug_info    0x0000310d      0x647 Drivers\STM32F1xx_HAL_Driver\stm32f1xx_hal_dma.o
 .debug_info    0x00003754      0x60b Drivers\STM32F1xx_HAL_Driver\stm32f1xx_hal_gpio.o
 .debug_info    0x00003d5f     0x1240 Drivers\STM32F1xx_HAL_Driver\stm32f1xx_hal_rcc.o
 .debug_info    0x00004f9f     0x2e1c Drivers\STM32F1xx_HAL_Driver\stm32f1xx_hal_tim.o
 .debug_info    0x00007dbb      0xeac Drivers\STM32F1xx_HAL_Driver\stm32f1xx_hal_tim_ex.o
 .debug_info    0x00008c67      0xfff Drivers\STM32F1xx_HAL_Driver\stm32f1xx_hal_uart.o
 .debug_info    0x00009c66       0xc3 Example\TrueSTUDIO\startup_stm32f103xb.o
 .debug_info    0x00009d29      0xe36 Example\User\main.o
 .debug_info    0x0000ab5f      0xd54 Example\User\stm32f1xx_hal_msp.o
 .debug_info    0x0000b8b3      0x82a Example\User\stm32f1xx_it.o

.debug_abbrev   0x00000000     0x1e26
 .debug_abbrev  0x00000000      0x38b Drivers\BSP\STM32F1xx_Nucleo\stm32f1xx_nucleo.o
 .debug_abbrev  0x0000038b      0x122 Drivers\CMSIS\system_stm32f1xx.o
 .debug_abbrev  0x000004ad      0x22e Drivers\STM32F1xx_HAL_Driver\stm32f1xx_hal.o
 .debug_abbrev  0x000006db      0x2ee Drivers\STM32F1xx_HAL_Driver\stm32f1xx_hal_cortex.o
 .debug_abbrev  0x000009c9      0x205 Drivers\STM32F1xx_HAL_Driver\stm32f1xx_hal_dma.o
 .debug_abbrev  0x00000bce      0x1c8 Drivers\STM32F1xx_HAL_Driver\stm32f1xx_hal_gpio.o
 .debug_abbrev  0x00000d96      0x2bf Drivers\STM32F1xx_HAL_Driver\stm32f1xx_hal_rcc.o
 .debug_abbrev  0x00001055      0x320 Drivers\STM32F1xx_HAL_Driver\stm32f1xx_hal_tim.o
 .debug_abbrev  0x00001375      0x270 Drivers\STM32F1xx_HAL_Driver\stm32f1xx_hal_tim_ex.o
 .debug_abbrev  0x000015e5      0x2c5 Drivers\STM32F1xx_HAL_Driver\stm32f1xx_hal_uart.o
 .debug_abbrev  0x000018aa       0x12 Example\TrueSTUDIO\startup_stm32f103xb.o
 .debug_abbrev  0x000018bc      0x206 Example\User\main.o
 .debug_abbrev  0x00001ac2      0x1d3 Example\User\stm32f1xx_hal_msp.o
 .debug_abbrev  0x00001c95      0x191 Example\User\stm32f1xx_it.o

.debug_loc      0x00000000     0x6252
 .debug_loc     0x00000000      0x624 Drivers\BSP\STM32F1xx_Nucleo\stm32f1xx_nucleo.o
 .debug_loc     0x00000624       0xaa Drivers\CMSIS\system_stm32f1xx.o
 .debug_loc     0x000006ce       0x73 Drivers\STM32F1xx_HAL_Driver\stm32f1xx_hal.o
 .debug_loc     0x00000741      0x48f Drivers\STM32F1xx_HAL_Driver\stm32f1xx_hal_cortex.o
 .debug_loc     0x00000bd0      0x438 Drivers\STM32F1xx_HAL_Driver\stm32f1xx_hal_dma.o
 .debug_loc     0x00001008      0x2e8 Drivers\STM32F1xx_HAL_Driver\stm32f1xx_hal_gpio.o
 .debug_loc     0x000012f0      0x8a9 Drivers\STM32F1xx_HAL_Driver\stm32f1xx_hal_rcc.o
 .debug_loc     0x00001b99     0x30f1 Drivers\STM32F1xx_HAL_Driver\stm32f1xx_hal_tim.o
 .debug_loc     0x00004c8a      0x7b7 Drivers\STM32F1xx_HAL_Driver\stm32f1xx_hal_tim_ex.o
 .debug_loc     0x00005441      0xd82 Drivers\STM32F1xx_HAL_Driver\stm32f1xx_hal_uart.o
 .debug_loc     0x000061c3       0x8f Example\User\stm32f1xx_hal_msp.o

.debug_aranges  0x00000000      0x8c0
 .debug_aranges
                0x00000000       0xe0 Drivers\BSP\STM32F1xx_Nucleo\stm32f1xx_nucleo.o
 .debug_aranges
                0x000000e0       0x28 Drivers\CMSIS\system_stm32f1xx.o
 .debug_aranges
                0x00000108       0xa8 Drivers\STM32F1xx_HAL_Driver\stm32f1xx_hal.o
 .debug_aranges
                0x000001b0       0x90 Drivers\STM32F1xx_HAL_Driver\stm32f1xx_hal_cortex.o
 .debug_aranges
                0x00000240       0x60 Drivers\STM32F1xx_HAL_Driver\stm32f1xx_hal_dma.o
 .debug_aranges
                0x000002a0       0x58 Drivers\STM32F1xx_HAL_Driver\stm32f1xx_hal_gpio.o
 .debug_aranges
                0x000002f8       0x88 Drivers\STM32F1xx_HAL_Driver\stm32f1xx_hal_rcc.o
 .debug_aranges
                0x00000380      0x250 Drivers\STM32F1xx_HAL_Driver\stm32f1xx_hal_tim.o
 .debug_aranges
                0x000005d0       0xe8 Drivers\STM32F1xx_HAL_Driver\stm32f1xx_hal_tim_ex.o
 .debug_aranges
                0x000006b8      0x108 Drivers\STM32F1xx_HAL_Driver\stm32f1xx_hal_uart.o
 .debug_aranges
                0x000007c0       0x28 Example\TrueSTUDIO\startup_stm32f103xb.o
 .debug_aranges
                0x000007e8       0x30 Example\User\main.o
 .debug_aranges
                0x00000818       0x40 Example\User\stm32f1xx_hal_msp.o
 .debug_aranges
                0x00000858       0x68 Example\User\stm32f1xx_it.o

.debug_ranges   0x00000000      0xdd0
 .debug_ranges  0x00000000      0x2a8 Drivers\BSP\STM32F1xx_Nucleo\stm32f1xx_nucleo.o
 .debug_ranges  0x000002a8       0x18 Drivers\CMSIS\system_stm32f1xx.o
 .debug_ranges  0x000002c0       0x98 Drivers\STM32F1xx_HAL_Driver\stm32f1xx_hal.o
 .debug_ranges  0x00000358      0x130 Drivers\STM32F1xx_HAL_Driver\stm32f1xx_hal_cortex.o
 .debug_ranges  0x00000488       0x80 Drivers\STM32F1xx_HAL_Driver\stm32f1xx_hal_dma.o
 .debug_ranges  0x00000508       0x68 Drivers\STM32F1xx_HAL_Driver\stm32f1xx_hal_gpio.o
 .debug_ranges  0x00000570      0x148 Drivers\STM32F1xx_HAL_Driver\stm32f1xx_hal_rcc.o
 .debug_ranges  0x000006b8      0x360 Drivers\STM32F1xx_HAL_Driver\stm32f1xx_hal_tim.o
 .debug_ranges  0x00000a18       0xd8 Drivers\STM32F1xx_HAL_Driver\stm32f1xx_hal_tim_ex.o
 .debug_ranges  0x00000af0      0x110 Drivers\STM32F1xx_HAL_Driver\stm32f1xx_hal_uart.o
 .debug_ranges  0x00000c00       0x20 Example\TrueSTUDIO\startup_stm32f103xb.o
 .debug_ranges  0x00000c20       0x50 Example\User\main.o
 .debug_ranges  0x00000c70      0x108 Example\User\stm32f1xx_hal_msp.o
 .debug_ranges  0x00000d78       0x58 Example\User\stm32f1xx_it.o

.debug_line     0x00000000     0x4c1e
 .debug_line    0x00000000      0x603 Drivers\BSP\STM32F1xx_Nucleo\stm32f1xx_nucleo.o
 .debug_line    0x00000603      0x1e8 Drivers\CMSIS\system_stm32f1xx.o
 .debug_line    0x000007eb      0x3a5 Drivers\STM32F1xx_HAL_Driver\stm32f1xx_hal.o
 .debug_line    0x00000b90      0x39b Drivers\STM32F1xx_HAL_Driver\stm32f1xx_hal_cortex.o
 .debug_line    0x00000f2b      0x6b8 Drivers\STM32F1xx_HAL_Driver\stm32f1xx_hal_dma.o
 .debug_line    0x000015e3      0x3c3 Drivers\STM32F1xx_HAL_Driver\stm32f1xx_hal_gpio.o
 .debug_line    0x000019a6      0x7cc Drivers\STM32F1xx_HAL_Driver\stm32f1xx_hal_rcc.o
 .debug_line    0x00002172     0x1077 Drivers\STM32F1xx_HAL_Driver\stm32f1xx_hal_tim.o
 .debug_line    0x000031e9      0x665 Drivers\STM32F1xx_HAL_Driver\stm32f1xx_hal_tim_ex.o
 .debug_line    0x0000384e      0x9bc Drivers\STM32F1xx_HAL_Driver\stm32f1xx_hal_uart.o
 .debug_line    0x0000420a       0x78 Example\TrueSTUDIO\startup_stm32f103xb.o
 .debug_line    0x00004282      0x385 Example\User\main.o
 .debug_line    0x00004607      0x33c Example\User\stm32f1xx_hal_msp.o
 .debug_line    0x00004943      0x2db Example\User\stm32f1xx_it.o

.debug_str      0x00000000     0x3123
 .debug_str     0x00000000      0xf17 Drivers\BSP\STM32F1xx_Nucleo\stm32f1xx_nucleo.o
                                0xfe5 (size before relaxing)
 .debug_str     0x00000f17       0xdd Drivers\CMSIS\system_stm32f1xx.o
                                0x32d (size before relaxing)
 .debug_str     0x00000ff4      0x255 Drivers\STM32F1xx_HAL_Driver\stm32f1xx_hal.o
                                0x7ca (size before relaxing)
 .debug_str     0x00001249      0x261 Drivers\STM32F1xx_HAL_Driver\stm32f1xx_hal_cortex.o
                                0x934 (size before relaxing)
 .debug_str     0x000014aa      0x156 Drivers\STM32F1xx_HAL_Driver\stm32f1xx_hal_dma.o
                                0x57b (size before relaxing)
 .debug_str     0x00001600      0x12b Drivers\STM32F1xx_HAL_Driver\stm32f1xx_hal_gpio.o
                                0x48f (size before relaxing)
 .debug_str     0x0000172b      0x2e1 Drivers\STM32F1xx_HAL_Driver\stm32f1xx_hal_rcc.o
                                0x693 (size before relaxing)
 .debug_str     0x00001a0c      0xc7a Drivers\STM32F1xx_HAL_Driver\stm32f1xx_hal_tim.o
                               0x1112 (size before relaxing)
 .debug_str     0x00002686      0x425 Drivers\STM32F1xx_HAL_Driver\stm32f1xx_hal_tim_ex.o
                                0xb43 (size before relaxing)
 .debug_str     0x00002aab      0x459 Drivers\STM32F1xx_HAL_Driver\stm32f1xx_hal_uart.o
                                0x97b (size before relaxing)
 .debug_str     0x00002f04       0xca Example\User\main.o
                                0xb90 (size before relaxing)
 .debug_str     0x00002fce       0x7e Example\User\stm32f1xx_hal_msp.o
                                0xba4 (size before relaxing)
 .debug_str     0x0000304c       0xd7 Example\User\stm32f1xx_it.o
                                0x86b (size before relaxing)

.comment        0x00000000       0x7e
 .comment       0x00000000       0x7e Drivers\BSP\STM32F1xx_Nucleo\stm32f1xx_nucleo.o
                                 0x7f (size before relaxing)
 .comment       0x0000007e       0x7f Drivers\CMSIS\system_stm32f1xx.o
 .comment       0x0000007e       0x7f Drivers\STM32F1xx_HAL_Driver\stm32f1xx_hal.o
 .comment       0x0000007e       0x7f Drivers\STM32F1xx_HAL_Driver\stm32f1xx_hal_cortex.o
 .comment       0x0000007e       0x7f Drivers\STM32F1xx_HAL_Driver\stm32f1xx_hal_dma.o
 .comment       0x0000007e       0x7f Drivers\STM32F1xx_HAL_Driver\stm32f1xx_hal_gpio.o
 .comment       0x0000007e       0x7f Drivers\STM32F1xx_HAL_Driver\stm32f1xx_hal_rcc.o
 .comment       0x0000007e       0x7f Drivers\STM32F1xx_HAL_Driver\stm32f1xx_hal_tim.o
 .comment       0x0000007e       0x7f Drivers\STM32F1xx_HAL_Driver\stm32f1xx_hal_tim_ex.o
 .comment       0x0000007e       0x7f Drivers\STM32F1xx_HAL_Driver\stm32f1xx_hal_uart.o
 .comment       0x0000007e       0x7f Example\User\main.o
 .comment       0x0000007e       0x7f Example\User\stm32f1xx_hal_msp.o
 .comment       0x0000007e       0x7f Example\User\stm32f1xx_it.o

.debug_frame    0x00000000     0x1948
 .debug_frame   0x00000000      0x2a8 Drivers\BSP\STM32F1xx_Nucleo\stm32f1xx_nucleo.o
 .debug_frame   0x000002a8       0x30 Drivers\CMSIS\system_stm32f1xx.o
 .debug_frame   0x000002d8      0x164 Drivers\STM32F1xx_HAL_Driver\stm32f1xx_hal.o
 .debug_frame   0x0000043c      0x120 Drivers\STM32F1xx_HAL_Driver\stm32f1xx_hal_cortex.o
 .debug_frame   0x0000055c      0x104 Drivers\STM32F1xx_HAL_Driver\stm32f1xx_hal_dma.o
 .debug_frame   0x00000660       0xd4 Drivers\STM32F1xx_HAL_Driver\stm32f1xx_hal_gpio.o
 .debug_frame   0x00000734      0x14c Drivers\STM32F1xx_HAL_Driver\stm32f1xx_hal_rcc.o
 .debug_frame   0x00000880      0x854 Drivers\STM32F1xx_HAL_Driver\stm32f1xx_hal_tim.o
 .debug_frame   0x000010d4      0x324 Drivers\STM32F1xx_HAL_Driver\stm32f1xx_hal_tim_ex.o
 .debug_frame   0x000013f8      0x318 Drivers\STM32F1xx_HAL_Driver\stm32f1xx_hal_uart.o
 .debug_frame   0x00001710       0x68 Example\User\main.o
 .debug_frame   0x00001778       0xa4 Example\User\stm32f1xx_hal_msp.o
 .debug_frame   0x0000181c       0xe0 Example\User\stm32f1xx_it.o
 .debug_frame   0x000018fc       0x2c c:/program files/atollic/truestudio for arm 7.1.2/armtools/bin/../lib/gcc/arm-atollic-eabi/5.3.1/../../../../arm-atollic-eabi/lib/armv7-m\libc_nano.a(lib_a-init.o)
 .debug_frame   0x00001928       0x20 c:/program files/atollic/truestudio for arm 7.1.2/armtools/bin/../lib/gcc/arm-atollic-eabi/5.3.1/../../../../arm-atollic-eabi/lib/armv7-m\libc_nano.a(lib_a-memset.o)

Cross Reference Table

Symbol                                            File
ADC1_2_IRQHandler                                 Example\TrueSTUDIO\startup_stm32f103xb.o
ADC_ConversionStop_Disable                        Drivers\STM32F1xx_HAL_Driver\stm32f1xx_hal_adc.o
                                                  Drivers\STM32F1xx_HAL_Driver\stm32f1xx_hal_adc_ex.o
ADC_DMAConvCplt                                   Drivers\STM32F1xx_HAL_Driver\stm32f1xx_hal_adc.o
                                                  Drivers\STM32F1xx_HAL_Driver\stm32f1xx_hal_adc_ex.o
ADC_DMAError                                      Drivers\STM32F1xx_HAL_Driver\stm32f1xx_hal_adc.o
                                                  Drivers\STM32F1xx_HAL_Driver\stm32f1xx_hal_adc_ex.o
ADC_DMAHalfConvCplt                               Drivers\STM32F1xx_HAL_Driver\stm32f1xx_hal_adc.o
                                                  Drivers\STM32F1xx_HAL_Driver\stm32f1xx_hal_adc_ex.o
ADC_Enable                                        Drivers\STM32F1xx_HAL_Driver\stm32f1xx_hal_adc.o
                                                  Drivers\STM32F1xx_HAL_Driver\stm32f1xx_hal_adc_ex.o
AHBPrescTable                                     Drivers\CMSIS\system_stm32f1xx.o
                                                  Drivers\STM32F1xx_HAL_Driver\stm32f1xx_hal_rcc.o
APBPrescTable                                     Drivers\CMSIS\system_stm32f1xx.o
                                                  Drivers\STM32F1xx_HAL_Driver\stm32f1xx_hal_rcc.o
BSP_GetVersion                                    Drivers\BSP\STM32F1xx_Nucleo\stm32f1xx_nucleo.o
BSP_JOY_DeInit                                    Drivers\BSP\STM32F1xx_Nucleo\stm32f1xx_nucleo.o
BSP_JOY_GetState                                  Drivers\BSP\STM32F1xx_Nucleo\stm32f1xx_nucleo.o
BSP_JOY_Init                                      Drivers\BSP\STM32F1xx_Nucleo\stm32f1xx_nucleo.o
BSP_LCD_Clear                                     Drivers\BSP\Adafruit_Shield\stm32_adafruit_lcd.o
BSP_LCD_ClearStringLine                           Drivers\BSP\Adafruit_Shield\stm32_adafruit_lcd.o
BSP_LCD_DisplayChar                               Drivers\BSP\Adafruit_Shield\stm32_adafruit_lcd.o
BSP_LCD_DisplayOff                                Drivers\BSP\Adafruit_Shield\stm32_adafruit_lcd.o
BSP_LCD_DisplayOn                                 Drivers\BSP\Adafruit_Shield\stm32_adafruit_lcd.o
BSP_LCD_DisplayStringAt                           Drivers\BSP\Adafruit_Shield\stm32_adafruit_lcd.o
BSP_LCD_DisplayStringAtLine                       Drivers\BSP\Adafruit_Shield\stm32_adafruit_lcd.o
BSP_LCD_DrawBitmap                                Drivers\BSP\Adafruit_Shield\stm32_adafruit_lcd.o
BSP_LCD_DrawCircle                                Drivers\BSP\Adafruit_Shield\stm32_adafruit_lcd.o
BSP_LCD_DrawEllipse                               Drivers\BSP\Adafruit_Shield\stm32_adafruit_lcd.o
BSP_LCD_DrawHLine                                 Drivers\BSP\Adafruit_Shield\stm32_adafruit_lcd.o
BSP_LCD_DrawLine                                  Drivers\BSP\Adafruit_Shield\stm32_adafruit_lcd.o
BSP_LCD_DrawPixel                                 Drivers\BSP\Adafruit_Shield\stm32_adafruit_lcd.o
BSP_LCD_DrawPolygon                               Drivers\BSP\Adafruit_Shield\stm32_adafruit_lcd.o
BSP_LCD_DrawRect                                  Drivers\BSP\Adafruit_Shield\stm32_adafruit_lcd.o
BSP_LCD_DrawVLine                                 Drivers\BSP\Adafruit_Shield\stm32_adafruit_lcd.o
BSP_LCD_FillCircle                                Drivers\BSP\Adafruit_Shield\stm32_adafruit_lcd.o
BSP_LCD_FillEllipse                               Drivers\BSP\Adafruit_Shield\stm32_adafruit_lcd.o
BSP_LCD_FillPolygon                               Drivers\BSP\Adafruit_Shield\stm32_adafruit_lcd.o
BSP_LCD_FillRect                                  Drivers\BSP\Adafruit_Shield\stm32_adafruit_lcd.o
BSP_LCD_GetBackColor                              Drivers\BSP\Adafruit_Shield\stm32_adafruit_lcd.o
BSP_LCD_GetFont                                   Drivers\BSP\Adafruit_Shield\stm32_adafruit_lcd.o
BSP_LCD_GetTextColor                              Drivers\BSP\Adafruit_Shield\stm32_adafruit_lcd.o
BSP_LCD_GetXSize                                  Drivers\BSP\Adafruit_Shield\stm32_adafruit_lcd.o
BSP_LCD_GetYSize                                  Drivers\BSP\Adafruit_Shield\stm32_adafruit_lcd.o
BSP_LCD_Init                                      Drivers\BSP\Adafruit_Shield\stm32_adafruit_lcd.o
BSP_LCD_SetBackColor                              Drivers\BSP\Adafruit_Shield\stm32_adafruit_lcd.o
BSP_LCD_SetFont                                   Drivers\BSP\Adafruit_Shield\stm32_adafruit_lcd.o
BSP_LCD_SetTextColor                              Drivers\BSP\Adafruit_Shield\stm32_adafruit_lcd.o
BSP_LED_DeInit                                    Drivers\BSP\STM32F1xx_Nucleo\stm32f1xx_nucleo.o
BSP_LED_Init                                      Drivers\BSP\STM32F1xx_Nucleo\stm32f1xx_nucleo.o
                                                  Example\User\main.o
BSP_LED_Off                                       Drivers\BSP\STM32F1xx_Nucleo\stm32f1xx_nucleo.o
BSP_LED_On                                        Drivers\BSP\STM32F1xx_Nucleo\stm32f1xx_nucleo.o
BSP_LED_Toggle                                    Drivers\BSP\STM32F1xx_Nucleo\stm32f1xx_nucleo.o
                                                  Example\User\main.o
BSP_PB_DeInit                                     Drivers\BSP\STM32F1xx_Nucleo\stm32f1xx_nucleo.o
BSP_PB_GetState                                   Drivers\BSP\STM32F1xx_Nucleo\stm32f1xx_nucleo.o
BSP_PB_Init                                       Drivers\BSP\STM32F1xx_Nucleo\stm32f1xx_nucleo.o
BUTTON_IRQn                                       Drivers\BSP\STM32F1xx_Nucleo\stm32f1xx_nucleo.o
BUTTON_PIN                                        Drivers\BSP\STM32F1xx_Nucleo\stm32f1xx_nucleo.o
BUTTON_PORT                                       Drivers\BSP\STM32F1xx_Nucleo\stm32f1xx_nucleo.o
BusFault_Handler                                  Example\User\stm32f1xx_it.o
                                                  Example\TrueSTUDIO\startup_stm32f103xb.o
CAN1_RX1_IRQHandler                               Example\TrueSTUDIO\startup_stm32f103xb.o
CAN1_SCE_IRQHandler                               Example\TrueSTUDIO\startup_stm32f103xb.o
DMA1_Channel1_IRQHandler                          Example\TrueSTUDIO\startup_stm32f103xb.o
DMA1_Channel2_IRQHandler                          Example\TrueSTUDIO\startup_stm32f103xb.o
DMA1_Channel3_IRQHandler                          Example\TrueSTUDIO\startup_stm32f103xb.o
DMA1_Channel4_IRQHandler                          Example\User\stm32f1xx_it.o
                                                  Example\TrueSTUDIO\startup_stm32f103xb.o
DMA1_Channel5_IRQHandler                          Example\User\stm32f1xx_it.o
                                                  Example\TrueSTUDIO\startup_stm32f103xb.o
DMA1_Channel6_IRQHandler                          Example\TrueSTUDIO\startup_stm32f103xb.o
DMA1_Channel7_IRQHandler                          Example\TrueSTUDIO\startup_stm32f103xb.o
DebugMon_Handler                                  Example\User\stm32f1xx_it.o
                                                  Example\TrueSTUDIO\startup_stm32f103xb.o
Default_Handler                                   Example\TrueSTUDIO\startup_stm32f103xb.o
DrawProp                                          Drivers\BSP\Adafruit_Shield\stm32_adafruit_lcd.o
EXTI0_IRQHandler                                  Example\TrueSTUDIO\startup_stm32f103xb.o
EXTI15_10_IRQHandler                              Example\TrueSTUDIO\startup_stm32f103xb.o
EXTI1_IRQHandler                                  Example\TrueSTUDIO\startup_stm32f103xb.o
EXTI2_IRQHandler                                  Example\TrueSTUDIO\startup_stm32f103xb.o
EXTI3_IRQHandler                                  Example\TrueSTUDIO\startup_stm32f103xb.o
EXTI4_IRQHandler                                  Example\TrueSTUDIO\startup_stm32f103xb.o
EXTI9_5_IRQHandler                                Example\TrueSTUDIO\startup_stm32f103xb.o
FLASH_IRQHandler                                  Example\TrueSTUDIO\startup_stm32f103xb.o
FLASH_PageErase                                   Drivers\STM32F1xx_HAL_Driver\stm32f1xx_hal_flash_ex.o
                                                  Drivers\STM32F1xx_HAL_Driver\stm32f1xx_hal_flash.o
FLASH_WaitForLastOperation                        Drivers\STM32F1xx_HAL_Driver\stm32f1xx_hal_flash.o
                                                  Drivers\STM32F1xx_HAL_Driver\stm32f1xx_hal_flash_ex.o
Font12                                            Drivers\BSP\Adafruit_Shield\stm32_adafruit_lcd.o
Font12_Table                                      Drivers\BSP\Adafruit_Shield\stm32_adafruit_lcd.o
Font16                                            Drivers\BSP\Adafruit_Shield\stm32_adafruit_lcd.o
Font16_Table                                      Drivers\BSP\Adafruit_Shield\stm32_adafruit_lcd.o
Font20                                            Drivers\BSP\Adafruit_Shield\stm32_adafruit_lcd.o
Font20_Table                                      Drivers\BSP\Adafruit_Shield\stm32_adafruit_lcd.o
Font24                                            Drivers\BSP\Adafruit_Shield\stm32_adafruit_lcd.o
Font24_Table                                      Drivers\BSP\Adafruit_Shield\stm32_adafruit_lcd.o
Font8                                             Drivers\BSP\Adafruit_Shield\stm32_adafruit_lcd.o
Font8_Table                                       Drivers\BSP\Adafruit_Shield\stm32_adafruit_lcd.o
HAL_ADCEx_Calibration_Start                       Drivers\STM32F1xx_HAL_Driver\stm32f1xx_hal_adc_ex.o
                                                  Drivers\BSP\STM32F1xx_Nucleo\stm32f1xx_nucleo.o
HAL_ADCEx_InjectedConfigChannel                   Drivers\STM32F1xx_HAL_Driver\stm32f1xx_hal_adc_ex.o
HAL_ADCEx_InjectedConvCpltCallback                Drivers\STM32F1xx_HAL_Driver\stm32f1xx_hal_adc_ex.o
                                                  Drivers\STM32F1xx_HAL_Driver\stm32f1xx_hal_adc.o
HAL_ADCEx_InjectedGetValue                        Drivers\STM32F1xx_HAL_Driver\stm32f1xx_hal_adc_ex.o
HAL_ADCEx_InjectedPollForConversion               Drivers\STM32F1xx_HAL_Driver\stm32f1xx_hal_adc_ex.o
HAL_ADCEx_InjectedStart                           Drivers\STM32F1xx_HAL_Driver\stm32f1xx_hal_adc_ex.o
HAL_ADCEx_InjectedStart_IT                        Drivers\STM32F1xx_HAL_Driver\stm32f1xx_hal_adc_ex.o
HAL_ADCEx_InjectedStop                            Drivers\STM32F1xx_HAL_Driver\stm32f1xx_hal_adc_ex.o
HAL_ADCEx_InjectedStop_IT                         Drivers\STM32F1xx_HAL_Driver\stm32f1xx_hal_adc_ex.o
HAL_ADCEx_MultiModeConfigChannel                  Drivers\STM32F1xx_HAL_Driver\stm32f1xx_hal_adc_ex.o
HAL_ADCEx_MultiModeGetValue                       Drivers\STM32F1xx_HAL_Driver\stm32f1xx_hal_adc_ex.o
HAL_ADCEx_MultiModeStart_DMA                      Drivers\STM32F1xx_HAL_Driver\stm32f1xx_hal_adc_ex.o
HAL_ADCEx_MultiModeStop_DMA                       Drivers\STM32F1xx_HAL_Driver\stm32f1xx_hal_adc_ex.o
HAL_ADC_AnalogWDGConfig                           Drivers\STM32F1xx_HAL_Driver\stm32f1xx_hal_adc.o
HAL_ADC_ConfigChannel                             Drivers\STM32F1xx_HAL_Driver\stm32f1xx_hal_adc.o
                                                  Drivers\BSP\STM32F1xx_Nucleo\stm32f1xx_nucleo.o
HAL_ADC_ConvCpltCallback                          Drivers\STM32F1xx_HAL_Driver\stm32f1xx_hal_adc.o
HAL_ADC_ConvHalfCpltCallback                      Drivers\STM32F1xx_HAL_Driver\stm32f1xx_hal_adc.o
HAL_ADC_DeInit                                    Drivers\STM32F1xx_HAL_Driver\stm32f1xx_hal_adc.o
                                                  Drivers\BSP\STM32F1xx_Nucleo\stm32f1xx_nucleo.o
HAL_ADC_ErrorCallback                             Drivers\STM32F1xx_HAL_Driver\stm32f1xx_hal_adc.o
HAL_ADC_GetError                                  Drivers\STM32F1xx_HAL_Driver\stm32f1xx_hal_adc.o
HAL_ADC_GetState                                  Drivers\STM32F1xx_HAL_Driver\stm32f1xx_hal_adc.o
                                                  Drivers\BSP\STM32F1xx_Nucleo\stm32f1xx_nucleo.o
HAL_ADC_GetValue                                  Drivers\STM32F1xx_HAL_Driver\stm32f1xx_hal_adc.o
                                                  Drivers\BSP\STM32F1xx_Nucleo\stm32f1xx_nucleo.o
HAL_ADC_IRQHandler                                Drivers\STM32F1xx_HAL_Driver\stm32f1xx_hal_adc.o
HAL_ADC_Init                                      Drivers\STM32F1xx_HAL_Driver\stm32f1xx_hal_adc.o
                                                  Drivers\BSP\STM32F1xx_Nucleo\stm32f1xx_nucleo.o
HAL_ADC_LevelOutOfWindowCallback                  Drivers\STM32F1xx_HAL_Driver\stm32f1xx_hal_adc.o
HAL_ADC_MspDeInit                                 Drivers\STM32F1xx_HAL_Driver\stm32f1xx_hal_adc.o
HAL_ADC_MspInit                                   Drivers\STM32F1xx_HAL_Driver\stm32f1xx_hal_adc.o
HAL_ADC_PollForConversion                         Drivers\STM32F1xx_HAL_Driver\stm32f1xx_hal_adc.o
                                                  Drivers\BSP\STM32F1xx_Nucleo\stm32f1xx_nucleo.o
HAL_ADC_PollForEvent                              Drivers\STM32F1xx_HAL_Driver\stm32f1xx_hal_adc.o
HAL_ADC_Start                                     Drivers\STM32F1xx_HAL_Driver\stm32f1xx_hal_adc.o
                                                  Drivers\BSP\STM32F1xx_Nucleo\stm32f1xx_nucleo.o
HAL_ADC_Start_DMA                                 Drivers\STM32F1xx_HAL_Driver\stm32f1xx_hal_adc.o
HAL_ADC_Start_IT                                  Drivers\STM32F1xx_HAL_Driver\stm32f1xx_hal_adc.o
HAL_ADC_Stop                                      Drivers\STM32F1xx_HAL_Driver\stm32f1xx_hal_adc.o
HAL_ADC_Stop_DMA                                  Drivers\STM32F1xx_HAL_Driver\stm32f1xx_hal_adc.o
HAL_ADC_Stop_IT                                   Drivers\STM32F1xx_HAL_Driver\stm32f1xx_hal_adc.o
HAL_CAN_ConfigFilter                              Drivers\STM32F1xx_HAL_Driver\stm32f1xx_hal_can.o
HAL_CAN_DeInit                                    Drivers\STM32F1xx_HAL_Driver\stm32f1xx_hal_can.o
HAL_CAN_ErrorCallback                             Drivers\STM32F1xx_HAL_Driver\stm32f1xx_hal_can.o
HAL_CAN_GetError                                  Drivers\STM32F1xx_HAL_Driver\stm32f1xx_hal_can.o
HAL_CAN_GetState                                  Drivers\STM32F1xx_HAL_Driver\stm32f1xx_hal_can.o
HAL_CAN_IRQHandler                                Drivers\STM32F1xx_HAL_Driver\stm32f1xx_hal_can.o
HAL_CAN_Init                                      Drivers\STM32F1xx_HAL_Driver\stm32f1xx_hal_can.o
HAL_CAN_MspDeInit                                 Drivers\STM32F1xx_HAL_Driver\stm32f1xx_hal_can.o
HAL_CAN_MspInit                                   Drivers\STM32F1xx_HAL_Driver\stm32f1xx_hal_can.o
HAL_CAN_Receive                                   Drivers\STM32F1xx_HAL_Driver\stm32f1xx_hal_can.o
HAL_CAN_Receive_IT                                Drivers\STM32F1xx_HAL_Driver\stm32f1xx_hal_can.o
HAL_CAN_RxCpltCallback                            Drivers\STM32F1xx_HAL_Driver\stm32f1xx_hal_can.o
HAL_CAN_Sleep                                     Drivers\STM32F1xx_HAL_Driver\stm32f1xx_hal_can.o
HAL_CAN_Transmit                                  Drivers\STM32F1xx_HAL_Driver\stm32f1xx_hal_can.o
HAL_CAN_Transmit_IT                               Drivers\STM32F1xx_HAL_Driver\stm32f1xx_hal_can.o
HAL_CAN_TxCpltCallback                            Drivers\STM32F1xx_HAL_Driver\stm32f1xx_hal_can.o
HAL_CAN_WakeUp                                    Drivers\STM32F1xx_HAL_Driver\stm32f1xx_hal_can.o
HAL_CRC_Accumulate                                Drivers\STM32F1xx_HAL_Driver\stm32f1xx_hal_crc.o
HAL_CRC_Calculate                                 Drivers\STM32F1xx_HAL_Driver\stm32f1xx_hal_crc.o
HAL_CRC_DeInit                                    Drivers\STM32F1xx_HAL_Driver\stm32f1xx_hal_crc.o
HAL_CRC_GetState                                  Drivers\STM32F1xx_HAL_Driver\stm32f1xx_hal_crc.o
HAL_CRC_Init                                      Drivers\STM32F1xx_HAL_Driver\stm32f1xx_hal_crc.o
HAL_CRC_MspDeInit                                 Drivers\STM32F1xx_HAL_Driver\stm32f1xx_hal_crc.o
HAL_CRC_MspInit                                   Drivers\STM32F1xx_HAL_Driver\stm32f1xx_hal_crc.o
HAL_DBGMCU_DisableDBGSleepMode                    Drivers\STM32F1xx_HAL_Driver\stm32f1xx_hal.o
HAL_DBGMCU_DisableDBGStandbyMode                  Drivers\STM32F1xx_HAL_Driver\stm32f1xx_hal.o
HAL_DBGMCU_DisableDBGStopMode                     Drivers\STM32F1xx_HAL_Driver\stm32f1xx_hal.o
HAL_DBGMCU_EnableDBGSleepMode                     Drivers\STM32F1xx_HAL_Driver\stm32f1xx_hal.o
HAL_DBGMCU_EnableDBGStandbyMode                   Drivers\STM32F1xx_HAL_Driver\stm32f1xx_hal.o
HAL_DBGMCU_EnableDBGStopMode                      Drivers\STM32F1xx_HAL_Driver\stm32f1xx_hal.o
HAL_DMA_Abort                                     Drivers\STM32F1xx_HAL_Driver\stm32f1xx_hal_dma.o
                                                  Drivers\STM32F1xx_HAL_Driver\stm32f1xx_hal_usart.o
                                                  Drivers\STM32F1xx_HAL_Driver\stm32f1xx_hal_uart.o
                                                  Drivers\STM32F1xx_HAL_Driver\stm32f1xx_hal_tim.o
                                                  Drivers\STM32F1xx_HAL_Driver\stm32f1xx_hal_spi.o
                                                  Drivers\STM32F1xx_HAL_Driver\stm32f1xx_hal_irda.o
                                                  Drivers\STM32F1xx_HAL_Driver\stm32f1xx_hal_adc_ex.o
                                                  Drivers\STM32F1xx_HAL_Driver\stm32f1xx_hal_adc.o
HAL_DMA_DeInit                                    Drivers\STM32F1xx_HAL_Driver\stm32f1xx_hal_dma.o
                                                  Example\User\stm32f1xx_hal_msp.o
HAL_DMA_GetError                                  Drivers\STM32F1xx_HAL_Driver\stm32f1xx_hal_dma.o
HAL_DMA_GetState                                  Drivers\STM32F1xx_HAL_Driver\stm32f1xx_hal_dma.o
HAL_DMA_IRQHandler                                Drivers\STM32F1xx_HAL_Driver\stm32f1xx_hal_dma.o
                                                  Example\User\stm32f1xx_it.o
HAL_DMA_Init                                      Drivers\STM32F1xx_HAL_Driver\stm32f1xx_hal_dma.o
                                                  Example\User\stm32f1xx_hal_msp.o
HAL_DMA_PollForTransfer                           Drivers\STM32F1xx_HAL_Driver\stm32f1xx_hal_dma.o
HAL_DMA_Start                                     Drivers\STM32F1xx_HAL_Driver\stm32f1xx_hal_dma.o
HAL_DMA_Start_IT                                  Drivers\STM32F1xx_HAL_Driver\stm32f1xx_hal_dma.o
                                                  Drivers\STM32F1xx_HAL_Driver\stm32f1xx_hal_usart.o
                                                  Drivers\STM32F1xx_HAL_Driver\stm32f1xx_hal_uart.o
                                                  Drivers\STM32F1xx_HAL_Driver\stm32f1xx_hal_tim_ex.o
                                                  Drivers\STM32F1xx_HAL_Driver\stm32f1xx_hal_tim.o
                                                  Drivers\STM32F1xx_HAL_Driver\stm32f1xx_hal_spi.o
                                                  Drivers\STM32F1xx_HAL_Driver\stm32f1xx_hal_smartcard.o
                                                  Drivers\STM32F1xx_HAL_Driver\stm32f1xx_hal_irda.o
                                                  Drivers\STM32F1xx_HAL_Driver\stm32f1xx_hal_i2c.o
                                                  Drivers\STM32F1xx_HAL_Driver\stm32f1xx_hal_adc_ex.o
                                                  Drivers\STM32F1xx_HAL_Driver\stm32f1xx_hal_adc.o
HAL_DeInit                                        Drivers\STM32F1xx_HAL_Driver\stm32f1xx_hal.o
HAL_Delay                                         Drivers\STM32F1xx_HAL_Driver\stm32f1xx_hal.o
                                                  Drivers\STM32F1xx_HAL_Driver\stm32f1xx_hal_rcc.o
                                                  Drivers\BSP\STM32F1xx_Nucleo\stm32f1xx_nucleo.o
HAL_FLASHEx_Erase                                 Drivers\STM32F1xx_HAL_Driver\stm32f1xx_hal_flash_ex.o
HAL_FLASHEx_Erase_IT                              Drivers\STM32F1xx_HAL_Driver\stm32f1xx_hal_flash_ex.o
HAL_FLASHEx_OBErase                               Drivers\STM32F1xx_HAL_Driver\stm32f1xx_hal_flash_ex.o
HAL_FLASHEx_OBGetConfig                           Drivers\STM32F1xx_HAL_Driver\stm32f1xx_hal_flash_ex.o
HAL_FLASHEx_OBGetUserData                         Drivers\STM32F1xx_HAL_Driver\stm32f1xx_hal_flash_ex.o
HAL_FLASHEx_OBProgram                             Drivers\STM32F1xx_HAL_Driver\stm32f1xx_hal_flash_ex.o
HAL_FLASH_EndOfOperationCallback                  Drivers\STM32F1xx_HAL_Driver\stm32f1xx_hal_flash.o
HAL_FLASH_GetError                                Drivers\STM32F1xx_HAL_Driver\stm32f1xx_hal_flash.o
HAL_FLASH_IRQHandler                              Drivers\STM32F1xx_HAL_Driver\stm32f1xx_hal_flash.o
HAL_FLASH_Lock                                    Drivers\STM32F1xx_HAL_Driver\stm32f1xx_hal_flash.o
HAL_FLASH_OB_Launch                               Drivers\STM32F1xx_HAL_Driver\stm32f1xx_hal_flash.o
HAL_FLASH_OB_Lock                                 Drivers\STM32F1xx_HAL_Driver\stm32f1xx_hal_flash.o
HAL_FLASH_OB_Unlock                               Drivers\STM32F1xx_HAL_Driver\stm32f1xx_hal_flash.o
HAL_FLASH_OperationErrorCallback                  Drivers\STM32F1xx_HAL_Driver\stm32f1xx_hal_flash.o
HAL_FLASH_Program                                 Drivers\STM32F1xx_HAL_Driver\stm32f1xx_hal_flash.o
HAL_FLASH_Program_IT                              Drivers\STM32F1xx_HAL_Driver\stm32f1xx_hal_flash.o
HAL_FLASH_Unlock                                  Drivers\STM32F1xx_HAL_Driver\stm32f1xx_hal_flash.o
HAL_GPIOEx_ConfigEventout                         Drivers\STM32F1xx_HAL_Driver\stm32f1xx_hal_gpio_ex.o
HAL_GPIOEx_DisableEventout                        Drivers\STM32F1xx_HAL_Driver\stm32f1xx_hal_gpio_ex.o
HAL_GPIOEx_EnableEventout                         Drivers\STM32F1xx_HAL_Driver\stm32f1xx_hal_gpio_ex.o
HAL_GPIO_DeInit                                   Drivers\STM32F1xx_HAL_Driver\stm32f1xx_hal_gpio.o
                                                  Example\User\stm32f1xx_hal_msp.o
                                                  Drivers\BSP\STM32F1xx_Nucleo\stm32f1xx_nucleo.o
HAL_GPIO_EXTI_Callback                            Drivers\STM32F1xx_HAL_Driver\stm32f1xx_hal_gpio.o
HAL_GPIO_EXTI_IRQHandler                          Drivers\STM32F1xx_HAL_Driver\stm32f1xx_hal_gpio.o
HAL_GPIO_Init                                     Drivers\STM32F1xx_HAL_Driver\stm32f1xx_hal_gpio.o
                                                  Example\User\stm32f1xx_hal_msp.o
                                                  Example\User\main.o
                                                  Drivers\STM32F1xx_HAL_Driver\stm32f1xx_hal_rcc.o
                                                  Drivers\BSP\STM32F1xx_Nucleo\stm32f1xx_nucleo.o
HAL_GPIO_LockPin                                  Drivers\STM32F1xx_HAL_Driver\stm32f1xx_hal_gpio.o
HAL_GPIO_ReadPin                                  Drivers\STM32F1xx_HAL_Driver\stm32f1xx_hal_gpio.o
                                                  Drivers\BSP\STM32F1xx_Nucleo\stm32f1xx_nucleo.o
HAL_GPIO_TogglePin                                Drivers\STM32F1xx_HAL_Driver\stm32f1xx_hal_gpio.o
                                                  Drivers\BSP\STM32F1xx_Nucleo\stm32f1xx_nucleo.o
HAL_GPIO_WritePin                                 Drivers\STM32F1xx_HAL_Driver\stm32f1xx_hal_gpio.o
                                                  Example\User\main.o
                                                  Drivers\BSP\STM32F1xx_Nucleo\stm32f1xx_nucleo.o
HAL_GetDEVID                                      Drivers\STM32F1xx_HAL_Driver\stm32f1xx_hal.o
HAL_GetHalVersion                                 Drivers\STM32F1xx_HAL_Driver\stm32f1xx_hal.o
HAL_GetREVID                                      Drivers\STM32F1xx_HAL_Driver\stm32f1xx_hal.o
HAL_GetTick                                       Drivers\STM32F1xx_HAL_Driver\stm32f1xx_hal.o
                                                  Drivers\STM32F1xx_HAL_Driver\stm32f1xx_hal_usart.o
                                                  Drivers\STM32F1xx_HAL_Driver\stm32f1xx_hal_uart.o
                                                  Drivers\STM32F1xx_HAL_Driver\stm32f1xx_hal_spi.o
                                                  Drivers\STM32F1xx_HAL_Driver\stm32f1xx_hal_smartcard.o
                                                  Drivers\STM32F1xx_HAL_Driver\stm32f1xx_hal_rtc_ex.o
                                                  Drivers\STM32F1xx_HAL_Driver\stm32f1xx_hal_rtc.o
                                                  Drivers\STM32F1xx_HAL_Driver\stm32f1xx_hal_rcc_ex.o
                                                  Drivers\STM32F1xx_HAL_Driver\stm32f1xx_hal_rcc.o
                                                  Drivers\STM32F1xx_HAL_Driver\stm32f1xx_hal_iwdg.o
                                                  Drivers\STM32F1xx_HAL_Driver\stm32f1xx_hal_irda.o
                                                  Drivers\STM32F1xx_HAL_Driver\stm32f1xx_hal_i2c.o
                                                  Drivers\STM32F1xx_HAL_Driver\stm32f1xx_hal_flash.o
                                                  Drivers\STM32F1xx_HAL_Driver\stm32f1xx_hal_dma.o
                                                  Drivers\STM32F1xx_HAL_Driver\stm32f1xx_hal_can.o
                                                  Drivers\STM32F1xx_HAL_Driver\stm32f1xx_hal_adc_ex.o
                                                  Drivers\STM32F1xx_HAL_Driver\stm32f1xx_hal_adc.o
HAL_HalfDuplex_EnableReceiver                     Drivers\STM32F1xx_HAL_Driver\stm32f1xx_hal_uart.o
HAL_HalfDuplex_EnableTransmitter                  Drivers\STM32F1xx_HAL_Driver\stm32f1xx_hal_uart.o
HAL_HalfDuplex_Init                               Drivers\STM32F1xx_HAL_Driver\stm32f1xx_hal_uart.o
HAL_I2C_DeInit                                    Drivers\STM32F1xx_HAL_Driver\stm32f1xx_hal_i2c.o
HAL_I2C_ER_IRQHandler                             Drivers\STM32F1xx_HAL_Driver\stm32f1xx_hal_i2c.o
HAL_I2C_EV_IRQHandler                             Drivers\STM32F1xx_HAL_Driver\stm32f1xx_hal_i2c.o
HAL_I2C_ErrorCallback                             Drivers\STM32F1xx_HAL_Driver\stm32f1xx_hal_i2c.o
HAL_I2C_GetError                                  Drivers\STM32F1xx_HAL_Driver\stm32f1xx_hal_i2c.o
HAL_I2C_GetState                                  Drivers\STM32F1xx_HAL_Driver\stm32f1xx_hal_i2c.o
HAL_I2C_Init                                      Drivers\STM32F1xx_HAL_Driver\stm32f1xx_hal_i2c.o
HAL_I2C_IsDeviceReady                             Drivers\STM32F1xx_HAL_Driver\stm32f1xx_hal_i2c.o
HAL_I2C_MasterRxCpltCallback                      Drivers\STM32F1xx_HAL_Driver\stm32f1xx_hal_i2c.o
HAL_I2C_MasterTxCpltCallback                      Drivers\STM32F1xx_HAL_Driver\stm32f1xx_hal_i2c.o
HAL_I2C_Master_Receive                            Drivers\STM32F1xx_HAL_Driver\stm32f1xx_hal_i2c.o
HAL_I2C_Master_Receive_DMA                        Drivers\STM32F1xx_HAL_Driver\stm32f1xx_hal_i2c.o
HAL_I2C_Master_Receive_IT                         Drivers\STM32F1xx_HAL_Driver\stm32f1xx_hal_i2c.o
HAL_I2C_Master_Transmit                           Drivers\STM32F1xx_HAL_Driver\stm32f1xx_hal_i2c.o
HAL_I2C_Master_Transmit_DMA                       Drivers\STM32F1xx_HAL_Driver\stm32f1xx_hal_i2c.o
HAL_I2C_Master_Transmit_IT                        Drivers\STM32F1xx_HAL_Driver\stm32f1xx_hal_i2c.o
HAL_I2C_MemRxCpltCallback                         Drivers\STM32F1xx_HAL_Driver\stm32f1xx_hal_i2c.o
HAL_I2C_MemTxCpltCallback                         Drivers\STM32F1xx_HAL_Driver\stm32f1xx_hal_i2c.o
HAL_I2C_Mem_Read                                  Drivers\STM32F1xx_HAL_Driver\stm32f1xx_hal_i2c.o
HAL_I2C_Mem_Read_DMA                              Drivers\STM32F1xx_HAL_Driver\stm32f1xx_hal_i2c.o
HAL_I2C_Mem_Read_IT                               Drivers\STM32F1xx_HAL_Driver\stm32f1xx_hal_i2c.o
HAL_I2C_Mem_Write                                 Drivers\STM32F1xx_HAL_Driver\stm32f1xx_hal_i2c.o
HAL_I2C_Mem_Write_DMA                             Drivers\STM32F1xx_HAL_Driver\stm32f1xx_hal_i2c.o
HAL_I2C_Mem_Write_IT                              Drivers\STM32F1xx_HAL_Driver\stm32f1xx_hal_i2c.o
HAL_I2C_MspDeInit                                 Drivers\STM32F1xx_HAL_Driver\stm32f1xx_hal_i2c.o
HAL_I2C_MspInit                                   Drivers\STM32F1xx_HAL_Driver\stm32f1xx_hal_i2c.o
HAL_I2C_SlaveRxCpltCallback                       Drivers\STM32F1xx_HAL_Driver\stm32f1xx_hal_i2c.o
HAL_I2C_SlaveTxCpltCallback                       Drivers\STM32F1xx_HAL_Driver\stm32f1xx_hal_i2c.o
HAL_I2C_Slave_Receive                             Drivers\STM32F1xx_HAL_Driver\stm32f1xx_hal_i2c.o
HAL_I2C_Slave_Receive_DMA                         Drivers\STM32F1xx_HAL_Driver\stm32f1xx_hal_i2c.o
HAL_I2C_Slave_Receive_IT                          Drivers\STM32F1xx_HAL_Driver\stm32f1xx_hal_i2c.o
HAL_I2C_Slave_Transmit                            Drivers\STM32F1xx_HAL_Driver\stm32f1xx_hal_i2c.o
HAL_I2C_Slave_Transmit_DMA                        Drivers\STM32F1xx_HAL_Driver\stm32f1xx_hal_i2c.o
HAL_I2C_Slave_Transmit_IT                         Drivers\STM32F1xx_HAL_Driver\stm32f1xx_hal_i2c.o
HAL_IRDA_DMAPause                                 Drivers\STM32F1xx_HAL_Driver\stm32f1xx_hal_irda.o
HAL_IRDA_DMAResume                                Drivers\STM32F1xx_HAL_Driver\stm32f1xx_hal_irda.o
HAL_IRDA_DMAStop                                  Drivers\STM32F1xx_HAL_Driver\stm32f1xx_hal_irda.o
HAL_IRDA_DeInit                                   Drivers\STM32F1xx_HAL_Driver\stm32f1xx_hal_irda.o
HAL_IRDA_ErrorCallback                            Drivers\STM32F1xx_HAL_Driver\stm32f1xx_hal_irda.o
HAL_IRDA_GetError                                 Drivers\STM32F1xx_HAL_Driver\stm32f1xx_hal_irda.o
HAL_IRDA_GetState                                 Drivers\STM32F1xx_HAL_Driver\stm32f1xx_hal_irda.o
HAL_IRDA_IRQHandler                               Drivers\STM32F1xx_HAL_Driver\stm32f1xx_hal_irda.o
HAL_IRDA_Init                                     Drivers\STM32F1xx_HAL_Driver\stm32f1xx_hal_irda.o
HAL_IRDA_MspDeInit                                Drivers\STM32F1xx_HAL_Driver\stm32f1xx_hal_irda.o
HAL_IRDA_MspInit                                  Drivers\STM32F1xx_HAL_Driver\stm32f1xx_hal_irda.o
HAL_IRDA_Receive                                  Drivers\STM32F1xx_HAL_Driver\stm32f1xx_hal_irda.o
HAL_IRDA_Receive_DMA                              Drivers\STM32F1xx_HAL_Driver\stm32f1xx_hal_irda.o
HAL_IRDA_Receive_IT                               Drivers\STM32F1xx_HAL_Driver\stm32f1xx_hal_irda.o
HAL_IRDA_RxCpltCallback                           Drivers\STM32F1xx_HAL_Driver\stm32f1xx_hal_irda.o
HAL_IRDA_RxHalfCpltCallback                       Drivers\STM32F1xx_HAL_Driver\stm32f1xx_hal_irda.o
HAL_IRDA_Transmit                                 Drivers\STM32F1xx_HAL_Driver\stm32f1xx_hal_irda.o
HAL_IRDA_Transmit_DMA                             Drivers\STM32F1xx_HAL_Driver\stm32f1xx_hal_irda.o
HAL_IRDA_Transmit_IT                              Drivers\STM32F1xx_HAL_Driver\stm32f1xx_hal_irda.o
HAL_IRDA_TxCpltCallback                           Drivers\STM32F1xx_HAL_Driver\stm32f1xx_hal_irda.o
HAL_IRDA_TxHalfCpltCallback                       Drivers\STM32F1xx_HAL_Driver\stm32f1xx_hal_irda.o
HAL_IWDG_GetState                                 Drivers\STM32F1xx_HAL_Driver\stm32f1xx_hal_iwdg.o
HAL_IWDG_Init                                     Drivers\STM32F1xx_HAL_Driver\stm32f1xx_hal_iwdg.o
HAL_IWDG_MspInit                                  Drivers\STM32F1xx_HAL_Driver\stm32f1xx_hal_iwdg.o
HAL_IWDG_Refresh                                  Drivers\STM32F1xx_HAL_Driver\stm32f1xx_hal_iwdg.o
HAL_IWDG_Start                                    Drivers\STM32F1xx_HAL_Driver\stm32f1xx_hal_iwdg.o
HAL_IncTick                                       Drivers\STM32F1xx_HAL_Driver\stm32f1xx_hal.o
                                                  Example\User\stm32f1xx_it.o
HAL_Init                                          Drivers\STM32F1xx_HAL_Driver\stm32f1xx_hal.o
                                                  Example\User\main.o
HAL_InitTick                                      Drivers\STM32F1xx_HAL_Driver\stm32f1xx_hal.o
                                                  Drivers\STM32F1xx_HAL_Driver\stm32f1xx_hal_rcc.o
HAL_LIN_Init                                      Drivers\STM32F1xx_HAL_Driver\stm32f1xx_hal_uart.o
HAL_LIN_SendBreak                                 Drivers\STM32F1xx_HAL_Driver\stm32f1xx_hal_uart.o
HAL_MspDeInit                                     Example\User\stm32f1xx_hal_msp.o
                                                  Drivers\STM32F1xx_HAL_Driver\stm32f1xx_hal.o
HAL_MspInit                                       Example\User\stm32f1xx_hal_msp.o
                                                  Drivers\STM32F1xx_HAL_Driver\stm32f1xx_hal.o
HAL_MultiProcessor_EnterMuteMode                  Drivers\STM32F1xx_HAL_Driver\stm32f1xx_hal_uart.o
HAL_MultiProcessor_ExitMuteMode                   Drivers\STM32F1xx_HAL_Driver\stm32f1xx_hal_uart.o
HAL_MultiProcessor_Init                           Drivers\STM32F1xx_HAL_Driver\stm32f1xx_hal_uart.o
HAL_NVIC_ClearPendingIRQ                          Drivers\STM32F1xx_HAL_Driver\stm32f1xx_hal_cortex.o
HAL_NVIC_DisableIRQ                               Drivers\STM32F1xx_HAL_Driver\stm32f1xx_hal_cortex.o
                                                  Example\User\stm32f1xx_hal_msp.o
                                                  Drivers\BSP\STM32F1xx_Nucleo\stm32f1xx_nucleo.o
HAL_NVIC_EnableIRQ                                Drivers\STM32F1xx_HAL_Driver\stm32f1xx_hal_cortex.o
                                                  Example\User\stm32f1xx_hal_msp.o
                                                  Drivers\BSP\STM32F1xx_Nucleo\stm32f1xx_nucleo.o
HAL_NVIC_GetActive                                Drivers\STM32F1xx_HAL_Driver\stm32f1xx_hal_cortex.o
HAL_NVIC_GetPendingIRQ                            Drivers\STM32F1xx_HAL_Driver\stm32f1xx_hal_cortex.o
HAL_NVIC_GetPriority                              Drivers\STM32F1xx_HAL_Driver\stm32f1xx_hal_cortex.o
HAL_NVIC_GetPriorityGrouping                      Drivers\STM32F1xx_HAL_Driver\stm32f1xx_hal_cortex.o
HAL_NVIC_SetPendingIRQ                            Drivers\STM32F1xx_HAL_Driver\stm32f1xx_hal_cortex.o
HAL_NVIC_SetPriority                              Drivers\STM32F1xx_HAL_Driver\stm32f1xx_hal_cortex.o
                                                  Example\User\stm32f1xx_hal_msp.o
                                                  Drivers\STM32F1xx_HAL_Driver\stm32f1xx_hal.o
                                                  Drivers\BSP\STM32F1xx_Nucleo\stm32f1xx_nucleo.o
HAL_NVIC_SetPriorityGrouping                      Drivers\STM32F1xx_HAL_Driver\stm32f1xx_hal_cortex.o
                                                  Drivers\STM32F1xx_HAL_Driver\stm32f1xx_hal.o
HAL_NVIC_SystemReset                              Drivers\STM32F1xx_HAL_Driver\stm32f1xx_hal_cortex.o
                                                  Drivers\STM32F1xx_HAL_Driver\stm32f1xx_hal_flash.o
HAL_PCDEx_PMAConfig                               Drivers\STM32F1xx_HAL_Driver\stm32f1xx_hal_pcd_ex.o
HAL_PCDEx_SetConnectionState                      Drivers\STM32F1xx_HAL_Driver\stm32f1xx_hal_pcd_ex.o
                                                  Drivers\STM32F1xx_HAL_Driver\stm32f1xx_hal_pcd.o
HAL_PCD_ActivateRemoteWakeup                      Drivers\STM32F1xx_HAL_Driver\stm32f1xx_hal_pcd.o
HAL_PCD_ConnectCallback                           Drivers\STM32F1xx_HAL_Driver\stm32f1xx_hal_pcd.o
HAL_PCD_DataInStageCallback                       Drivers\STM32F1xx_HAL_Driver\stm32f1xx_hal_pcd.o
HAL_PCD_DataOutStageCallback                      Drivers\STM32F1xx_HAL_Driver\stm32f1xx_hal_pcd.o
HAL_PCD_DeActivateRemoteWakeup                    Drivers\STM32F1xx_HAL_Driver\stm32f1xx_hal_pcd.o
HAL_PCD_DeInit                                    Drivers\STM32F1xx_HAL_Driver\stm32f1xx_hal_pcd.o
HAL_PCD_DevConnect                                Drivers\STM32F1xx_HAL_Driver\stm32f1xx_hal_pcd.o
HAL_PCD_DevDisconnect                             Drivers\STM32F1xx_HAL_Driver\stm32f1xx_hal_pcd.o
HAL_PCD_DisconnectCallback                        Drivers\STM32F1xx_HAL_Driver\stm32f1xx_hal_pcd.o
HAL_PCD_EP_Close                                  Drivers\STM32F1xx_HAL_Driver\stm32f1xx_hal_pcd.o
HAL_PCD_EP_ClrStall                               Drivers\STM32F1xx_HAL_Driver\stm32f1xx_hal_pcd.o
HAL_PCD_EP_Flush                                  Drivers\STM32F1xx_HAL_Driver\stm32f1xx_hal_pcd.o
HAL_PCD_EP_GetRxCount                             Drivers\STM32F1xx_HAL_Driver\stm32f1xx_hal_pcd.o
HAL_PCD_EP_Open                                   Drivers\STM32F1xx_HAL_Driver\stm32f1xx_hal_pcd.o
HAL_PCD_EP_Receive                                Drivers\STM32F1xx_HAL_Driver\stm32f1xx_hal_pcd.o
HAL_PCD_EP_SetStall                               Drivers\STM32F1xx_HAL_Driver\stm32f1xx_hal_pcd.o
HAL_PCD_EP_Transmit                               Drivers\STM32F1xx_HAL_Driver\stm32f1xx_hal_pcd.o
HAL_PCD_GetState                                  Drivers\STM32F1xx_HAL_Driver\stm32f1xx_hal_pcd.o
HAL_PCD_IRQHandler                                Drivers\STM32F1xx_HAL_Driver\stm32f1xx_hal_pcd.o
HAL_PCD_ISOINIncompleteCallback                   Drivers\STM32F1xx_HAL_Driver\stm32f1xx_hal_pcd.o
HAL_PCD_ISOOUTIncompleteCallback                  Drivers\STM32F1xx_HAL_Driver\stm32f1xx_hal_pcd.o
HAL_PCD_Init                                      Drivers\STM32F1xx_HAL_Driver\stm32f1xx_hal_pcd.o
HAL_PCD_MspDeInit                                 Drivers\STM32F1xx_HAL_Driver\stm32f1xx_hal_pcd.o
HAL_PCD_MspInit                                   Drivers\STM32F1xx_HAL_Driver\stm32f1xx_hal_pcd.o
HAL_PCD_ResetCallback                             Drivers\STM32F1xx_HAL_Driver\stm32f1xx_hal_pcd.o
HAL_PCD_ResumeCallback                            Drivers\STM32F1xx_HAL_Driver\stm32f1xx_hal_pcd.o
HAL_PCD_SOFCallback                               Drivers\STM32F1xx_HAL_Driver\stm32f1xx_hal_pcd.o
HAL_PCD_SetAddress                                Drivers\STM32F1xx_HAL_Driver\stm32f1xx_hal_pcd.o
HAL_PCD_SetupStageCallback                        Drivers\STM32F1xx_HAL_Driver\stm32f1xx_hal_pcd.o
HAL_PCD_Start                                     Drivers\STM32F1xx_HAL_Driver\stm32f1xx_hal_pcd.o
HAL_PCD_Stop                                      Drivers\STM32F1xx_HAL_Driver\stm32f1xx_hal_pcd.o
HAL_PCD_SuspendCallback                           Drivers\STM32F1xx_HAL_Driver\stm32f1xx_hal_pcd.o
HAL_PWR_ConfigPVD                                 Drivers\STM32F1xx_HAL_Driver\stm32f1xx_hal_pwr.o
HAL_PWR_DeInit                                    Drivers\STM32F1xx_HAL_Driver\stm32f1xx_hal_pwr.o
HAL_PWR_DisableBkUpAccess                         Drivers\STM32F1xx_HAL_Driver\stm32f1xx_hal_pwr.o
HAL_PWR_DisablePVD                                Drivers\STM32F1xx_HAL_Driver\stm32f1xx_hal_pwr.o
HAL_PWR_DisableSEVOnPend                          Drivers\STM32F1xx_HAL_Driver\stm32f1xx_hal_pwr.o
HAL_PWR_DisableSleepOnExit                        Drivers\STM32F1xx_HAL_Driver\stm32f1xx_hal_pwr.o
HAL_PWR_DisableWakeUpPin                          Drivers\STM32F1xx_HAL_Driver\stm32f1xx_hal_pwr.o
HAL_PWR_EnableBkUpAccess                          Drivers\STM32F1xx_HAL_Driver\stm32f1xx_hal_pwr.o
HAL_PWR_EnablePVD                                 Drivers\STM32F1xx_HAL_Driver\stm32f1xx_hal_pwr.o
HAL_PWR_EnableSEVOnPend                           Drivers\STM32F1xx_HAL_Driver\stm32f1xx_hal_pwr.o
HAL_PWR_EnableSleepOnExit                         Drivers\STM32F1xx_HAL_Driver\stm32f1xx_hal_pwr.o
HAL_PWR_EnableWakeUpPin                           Drivers\STM32F1xx_HAL_Driver\stm32f1xx_hal_pwr.o
HAL_PWR_EnterSLEEPMode                            Drivers\STM32F1xx_HAL_Driver\stm32f1xx_hal_pwr.o
HAL_PWR_EnterSTANDBYMode                          Drivers\STM32F1xx_HAL_Driver\stm32f1xx_hal_pwr.o
HAL_PWR_EnterSTOPMode                             Drivers\STM32F1xx_HAL_Driver\stm32f1xx_hal_pwr.o
HAL_PWR_PVDCallback                               Drivers\STM32F1xx_HAL_Driver\stm32f1xx_hal_pwr.o
HAL_PWR_PVD_IRQHandler                            Drivers\STM32F1xx_HAL_Driver\stm32f1xx_hal_pwr.o
HAL_RCCEx_GetPeriphCLKConfig                      Drivers\STM32F1xx_HAL_Driver\stm32f1xx_hal_rcc_ex.o
HAL_RCCEx_GetPeriphCLKFreq                        Drivers\STM32F1xx_HAL_Driver\stm32f1xx_hal_rcc_ex.o
                                                  Drivers\STM32F1xx_HAL_Driver\stm32f1xx_hal_rtc.o
                                                  Drivers\STM32F1xx_HAL_Driver\stm32f1xx_hal_adc_ex.o
                                                  Drivers\STM32F1xx_HAL_Driver\stm32f1xx_hal_adc.o
HAL_RCCEx_PeriphCLKConfig                         Drivers\STM32F1xx_HAL_Driver\stm32f1xx_hal_rcc_ex.o
HAL_RCC_CSSCallback                               Drivers\STM32F1xx_HAL_Driver\stm32f1xx_hal_rcc.o
HAL_RCC_ClockConfig                               Drivers\STM32F1xx_HAL_Driver\stm32f1xx_hal_rcc.o
                                                  Example\User\main.o
HAL_RCC_DeInit                                    Drivers\STM32F1xx_HAL_Driver\stm32f1xx_hal_rcc.o
HAL_RCC_DisableCSS                                Drivers\STM32F1xx_HAL_Driver\stm32f1xx_hal_rcc.o
HAL_RCC_EnableCSS                                 Drivers\STM32F1xx_HAL_Driver\stm32f1xx_hal_rcc.o
HAL_RCC_GetClockConfig                            Drivers\STM32F1xx_HAL_Driver\stm32f1xx_hal_rcc.o
HAL_RCC_GetHCLKFreq                               Drivers\STM32F1xx_HAL_Driver\stm32f1xx_hal_rcc.o
                                                  Drivers\STM32F1xx_HAL_Driver\stm32f1xx_hal.o
HAL_RCC_GetOscConfig                              Drivers\STM32F1xx_HAL_Driver\stm32f1xx_hal_rcc.o
HAL_RCC_GetPCLK1Freq                              Drivers\STM32F1xx_HAL_Driver\stm32f1xx_hal_rcc.o
                                                  Drivers\STM32F1xx_HAL_Driver\stm32f1xx_hal_usart.o
                                                  Drivers\STM32F1xx_HAL_Driver\stm32f1xx_hal_uart.o
                                                  Drivers\STM32F1xx_HAL_Driver\stm32f1xx_hal_smartcard.o
                                                  Drivers\STM32F1xx_HAL_Driver\stm32f1xx_hal_irda.o
                                                  Drivers\STM32F1xx_HAL_Driver\stm32f1xx_hal_i2c.o
HAL_RCC_GetPCLK2Freq                              Drivers\STM32F1xx_HAL_Driver\stm32f1xx_hal_rcc.o
                                                  Drivers\STM32F1xx_HAL_Driver\stm32f1xx_hal_usart.o
                                                  Drivers\STM32F1xx_HAL_Driver\stm32f1xx_hal_uart.o
                                                  Drivers\STM32F1xx_HAL_Driver\stm32f1xx_hal_smartcard.o
                                                  Drivers\STM32F1xx_HAL_Driver\stm32f1xx_hal_rcc_ex.o
                                                  Drivers\STM32F1xx_HAL_Driver\stm32f1xx_hal_irda.o
HAL_RCC_GetSysClockFreq                           Drivers\STM32F1xx_HAL_Driver\stm32f1xx_hal_rcc.o
HAL_RCC_MCOConfig                                 Drivers\STM32F1xx_HAL_Driver\stm32f1xx_hal_rcc.o
HAL_RCC_NMI_IRQHandler                            Drivers\STM32F1xx_HAL_Driver\stm32f1xx_hal_rcc.o
HAL_RCC_OscConfig                                 Drivers\STM32F1xx_HAL_Driver\stm32f1xx_hal_rcc.o
                                                  Example\User\main.o
HAL_RTCEx_BKUPRead                                Drivers\STM32F1xx_HAL_Driver\stm32f1xx_hal_rtc_ex.o
HAL_RTCEx_BKUPWrite                               Drivers\STM32F1xx_HAL_Driver\stm32f1xx_hal_rtc_ex.o
HAL_RTCEx_DeactivateSecond                        Drivers\STM32F1xx_HAL_Driver\stm32f1xx_hal_rtc_ex.o
HAL_RTCEx_DeactivateTamper                        Drivers\STM32F1xx_HAL_Driver\stm32f1xx_hal_rtc_ex.o
HAL_RTCEx_PollForTamper1Event                     Drivers\STM32F1xx_HAL_Driver\stm32f1xx_hal_rtc_ex.o
HAL_RTCEx_RTCEventCallback                        Drivers\STM32F1xx_HAL_Driver\stm32f1xx_hal_rtc_ex.o
HAL_RTCEx_RTCEventErrorCallback                   Drivers\STM32F1xx_HAL_Driver\stm32f1xx_hal_rtc_ex.o
HAL_RTCEx_RTCIRQHandler                           Drivers\STM32F1xx_HAL_Driver\stm32f1xx_hal_rtc_ex.o
HAL_RTCEx_SetSecond_IT                            Drivers\STM32F1xx_HAL_Driver\stm32f1xx_hal_rtc_ex.o
HAL_RTCEx_SetSmoothCalib                          Drivers\STM32F1xx_HAL_Driver\stm32f1xx_hal_rtc_ex.o
HAL_RTCEx_SetTamper                               Drivers\STM32F1xx_HAL_Driver\stm32f1xx_hal_rtc_ex.o
HAL_RTCEx_SetTamper_IT                            Drivers\STM32F1xx_HAL_Driver\stm32f1xx_hal_rtc_ex.o
HAL_RTCEx_Tamper1EventCallback                    Drivers\STM32F1xx_HAL_Driver\stm32f1xx_hal_rtc_ex.o
HAL_RTCEx_TamperIRQHandler                        Drivers\STM32F1xx_HAL_Driver\stm32f1xx_hal_rtc_ex.o
HAL_RTC_AlarmAEventCallback                       Drivers\STM32F1xx_HAL_Driver\stm32f1xx_hal_rtc.o
HAL_RTC_AlarmIRQHandler                           Drivers\STM32F1xx_HAL_Driver\stm32f1xx_hal_rtc.o
HAL_RTC_DeInit                                    Drivers\STM32F1xx_HAL_Driver\stm32f1xx_hal_rtc.o
HAL_RTC_DeactivateAlarm                           Drivers\STM32F1xx_HAL_Driver\stm32f1xx_hal_rtc.o
HAL_RTC_GetAlarm                                  Drivers\STM32F1xx_HAL_Driver\stm32f1xx_hal_rtc.o
HAL_RTC_GetDate                                   Drivers\STM32F1xx_HAL_Driver\stm32f1xx_hal_rtc.o
HAL_RTC_GetState                                  Drivers\STM32F1xx_HAL_Driver\stm32f1xx_hal_rtc.o
HAL_RTC_GetTime                                   Drivers\STM32F1xx_HAL_Driver\stm32f1xx_hal_rtc.o
HAL_RTC_Init                                      Drivers\STM32F1xx_HAL_Driver\stm32f1xx_hal_rtc.o
HAL_RTC_MspDeInit                                 Drivers\STM32F1xx_HAL_Driver\stm32f1xx_hal_rtc.o
HAL_RTC_MspInit                                   Drivers\STM32F1xx_HAL_Driver\stm32f1xx_hal_rtc.o
HAL_RTC_PollForAlarmAEvent                        Drivers\STM32F1xx_HAL_Driver\stm32f1xx_hal_rtc.o
HAL_RTC_SetAlarm                                  Drivers\STM32F1xx_HAL_Driver\stm32f1xx_hal_rtc.o
HAL_RTC_SetAlarm_IT                               Drivers\STM32F1xx_HAL_Driver\stm32f1xx_hal_rtc.o
HAL_RTC_SetDate                                   Drivers\STM32F1xx_HAL_Driver\stm32f1xx_hal_rtc.o
HAL_RTC_SetTime                                   Drivers\STM32F1xx_HAL_Driver\stm32f1xx_hal_rtc.o
HAL_RTC_WaitForSynchro                            Drivers\STM32F1xx_HAL_Driver\stm32f1xx_hal_rtc.o
HAL_ResumeTick                                    Drivers\STM32F1xx_HAL_Driver\stm32f1xx_hal.o
HAL_SMARTCARD_DeInit                              Drivers\STM32F1xx_HAL_Driver\stm32f1xx_hal_smartcard.o
HAL_SMARTCARD_ErrorCallback                       Drivers\STM32F1xx_HAL_Driver\stm32f1xx_hal_smartcard.o
HAL_SMARTCARD_GetError                            Drivers\STM32F1xx_HAL_Driver\stm32f1xx_hal_smartcard.o
HAL_SMARTCARD_GetState                            Drivers\STM32F1xx_HAL_Driver\stm32f1xx_hal_smartcard.o
HAL_SMARTCARD_IRQHandler                          Drivers\STM32F1xx_HAL_Driver\stm32f1xx_hal_smartcard.o
HAL_SMARTCARD_Init                                Drivers\STM32F1xx_HAL_Driver\stm32f1xx_hal_smartcard.o
HAL_SMARTCARD_MspDeInit                           Drivers\STM32F1xx_HAL_Driver\stm32f1xx_hal_smartcard.o
HAL_SMARTCARD_MspInit                             Drivers\STM32F1xx_HAL_Driver\stm32f1xx_hal_smartcard.o
HAL_SMARTCARD_Receive                             Drivers\STM32F1xx_HAL_Driver\stm32f1xx_hal_smartcard.o
HAL_SMARTCARD_Receive_DMA                         Drivers\STM32F1xx_HAL_Driver\stm32f1xx_hal_smartcard.o
HAL_SMARTCARD_Receive_IT                          Drivers\STM32F1xx_HAL_Driver\stm32f1xx_hal_smartcard.o
HAL_SMARTCARD_RxCpltCallback                      Drivers\STM32F1xx_HAL_Driver\stm32f1xx_hal_smartcard.o
HAL_SMARTCARD_Transmit                            Drivers\STM32F1xx_HAL_Driver\stm32f1xx_hal_smartcard.o
HAL_SMARTCARD_Transmit_DMA                        Drivers\STM32F1xx_HAL_Driver\stm32f1xx_hal_smartcard.o
HAL_SMARTCARD_Transmit_IT                         Drivers\STM32F1xx_HAL_Driver\stm32f1xx_hal_smartcard.o
HAL_SMARTCARD_TxCpltCallback                      Drivers\STM32F1xx_HAL_Driver\stm32f1xx_hal_smartcard.o
HAL_SPI_DMAPause                                  Drivers\STM32F1xx_HAL_Driver\stm32f1xx_hal_spi.o
HAL_SPI_DMAResume                                 Drivers\STM32F1xx_HAL_Driver\stm32f1xx_hal_spi.o
HAL_SPI_DMAStop                                   Drivers\STM32F1xx_HAL_Driver\stm32f1xx_hal_spi.o
HAL_SPI_DeInit                                    Drivers\STM32F1xx_HAL_Driver\stm32f1xx_hal_spi.o
                                                  Drivers\BSP\STM32F1xx_Nucleo\stm32f1xx_nucleo.o
HAL_SPI_ErrorCallback                             Drivers\STM32F1xx_HAL_Driver\stm32f1xx_hal_spi.o
HAL_SPI_GetError                                  Drivers\STM32F1xx_HAL_Driver\stm32f1xx_hal_spi.o
HAL_SPI_GetState                                  Drivers\STM32F1xx_HAL_Driver\stm32f1xx_hal_spi.o
                                                  Drivers\BSP\STM32F1xx_Nucleo\stm32f1xx_nucleo.o
HAL_SPI_IRQHandler                                Drivers\STM32F1xx_HAL_Driver\stm32f1xx_hal_spi.o
HAL_SPI_Init                                      Drivers\STM32F1xx_HAL_Driver\stm32f1xx_hal_spi_ex.o
                                                  Drivers\STM32F1xx_HAL_Driver\stm32f1xx_hal_spi.o
                                                  Drivers\BSP\STM32F1xx_Nucleo\stm32f1xx_nucleo.o
HAL_SPI_MspDeInit                                 Drivers\STM32F1xx_HAL_Driver\stm32f1xx_hal_spi.o
HAL_SPI_MspInit                                   Drivers\STM32F1xx_HAL_Driver\stm32f1xx_hal_spi.o
                                                  Drivers\STM32F1xx_HAL_Driver\stm32f1xx_hal_spi_ex.o
HAL_SPI_Receive                                   Drivers\STM32F1xx_HAL_Driver\stm32f1xx_hal_spi.o
HAL_SPI_Receive_DMA                               Drivers\STM32F1xx_HAL_Driver\stm32f1xx_hal_spi.o
HAL_SPI_Receive_IT                                Drivers\STM32F1xx_HAL_Driver\stm32f1xx_hal_spi.o
HAL_SPI_RxCpltCallback                            Drivers\STM32F1xx_HAL_Driver\stm32f1xx_hal_spi.o
HAL_SPI_RxHalfCpltCallback                        Drivers\STM32F1xx_HAL_Driver\stm32f1xx_hal_spi.o
HAL_SPI_Transmit                                  Drivers\STM32F1xx_HAL_Driver\stm32f1xx_hal_spi.o
                                                  Drivers\BSP\STM32F1xx_Nucleo\stm32f1xx_nucleo.o
HAL_SPI_TransmitReceive                           Drivers\STM32F1xx_HAL_Driver\stm32f1xx_hal_spi.o
                                                  Drivers\BSP\STM32F1xx_Nucleo\stm32f1xx_nucleo.o
HAL_SPI_TransmitReceive_DMA                       Drivers\STM32F1xx_HAL_Driver\stm32f1xx_hal_spi.o
HAL_SPI_TransmitReceive_IT                        Drivers\STM32F1xx_HAL_Driver\stm32f1xx_hal_spi.o
HAL_SPI_Transmit_DMA                              Drivers\STM32F1xx_HAL_Driver\stm32f1xx_hal_spi.o
HAL_SPI_Transmit_IT                               Drivers\STM32F1xx_HAL_Driver\stm32f1xx_hal_spi.o
HAL_SPI_TxCpltCallback                            Drivers\STM32F1xx_HAL_Driver\stm32f1xx_hal_spi.o
HAL_SPI_TxHalfCpltCallback                        Drivers\STM32F1xx_HAL_Driver\stm32f1xx_hal_spi.o
HAL_SPI_TxRxCpltCallback                          Drivers\STM32F1xx_HAL_Driver\stm32f1xx_hal_spi.o
HAL_SPI_TxRxHalfCpltCallback                      Drivers\STM32F1xx_HAL_Driver\stm32f1xx_hal_spi.o
HAL_SYSTICK_CLKSourceConfig                       Drivers\STM32F1xx_HAL_Driver\stm32f1xx_hal_cortex.o
HAL_SYSTICK_Callback                              Drivers\STM32F1xx_HAL_Driver\stm32f1xx_hal_cortex.o
HAL_SYSTICK_Config                                Drivers\STM32F1xx_HAL_Driver\stm32f1xx_hal_cortex.o
                                                  Drivers\STM32F1xx_HAL_Driver\stm32f1xx_hal.o
HAL_SYSTICK_IRQHandler                            Drivers\STM32F1xx_HAL_Driver\stm32f1xx_hal_cortex.o
HAL_SuspendTick                                   Drivers\STM32F1xx_HAL_Driver\stm32f1xx_hal.o
HAL_TIMEx_BreakCallback                           Drivers\STM32F1xx_HAL_Driver\stm32f1xx_hal_tim_ex.o
                                                  Drivers\STM32F1xx_HAL_Driver\stm32f1xx_hal_tim.o
HAL_TIMEx_CommutationCallback                     Drivers\STM32F1xx_HAL_Driver\stm32f1xx_hal_tim_ex.o
                                                  Drivers\STM32F1xx_HAL_Driver\stm32f1xx_hal_tim.o
HAL_TIMEx_ConfigBreakDeadTime                     Drivers\STM32F1xx_HAL_Driver\stm32f1xx_hal_tim_ex.o